2026-05-17 22:19:01,840 INFO [api] Sample QA data is ready for local validation.
2026-05-17 22:19:21,427 INFO [django.server] "GET /api/v1/system/health/ HTTP/1.1" 200 57
2026-05-17 22:19:45,690 INFO [django.server] "GET /api/speech-gateway?debug=1779043785450 HTTP/1.1" 200 4849
2026-05-17 22:20:16,377 INFO [django.server] "GET /api/speech-gateway?debug=1779043785450 HTTP/1.1" 200 4849
2026-05-17 22:20:16,630 INFO [django.server] "GET /assets/index-GnQ7u5RD.css HTTP/1.1" 200 18982
2026-05-17 22:20:16,641 INFO [django.server] "GET /assets/index-Ceg5DDGa.js HTTP/1.1" 200 112545
2026-05-17 22:20:16,675 INFO [django.server] "GET /assets/eye-Dz7Ly8pK.js HTTP/1.1" 200 377
2026-05-17 22:20:16,676 INFO [django.server] "GET /assets/external-link-Bj__OkZo.js HTTP/1.1" 200 420
2026-05-17 22:20:16,681 INFO [django.server] "GET /assets/circle-check-BFEZnJWd.js HTTP/1.1" 200 335
2026-05-17 22:20:16,681 INFO [django.server] "GET /assets/triangle-alert-BcvsWIcx.js HTTP/1.1" 200 466
2026-05-17 22:20:16,681 INFO [django.server] "GET /assets/ApiVaultBadges-7_koDImx.js HTTP/1.1" 200 1917
2026-05-17 22:20:16,683 INFO [django.server] "GET /assets/ApiDetails-COZE5SzX.js HTTP/1.1" 200 6228
2026-05-17 22:20:16,685 INFO [django.server] "GET /assets/check-fse6cSDP.js HTTP/1.1" 200 273
2026-05-17 22:20:16,752 INFO [django.server] "GET /api/v1/auth/session/ HTTP/1.1" 200 50
2026-05-17 22:20:50,163 INFO [django.server] "GET /api/v1/auth/session/ HTTP/1.1" 200 50
2026-05-17 22:20:50,165 INFO [django.server] "GET /api/v1/auth/social/providers/ HTTP/1.1" 200 426
2026-05-17 22:21:18,732 INFO [django.server] "GET /api/v1/auth/session/ HTTP/1.1" 200 50
2026-05-17 22:21:18,732 INFO [django.server] "GET /api/v1/auth/social/providers/ HTTP/1.1" 200 426
2026-05-17 22:22:13,442 INFO [django.server] "GET /api/v1/auth/session/ HTTP/1.1" 200 50
2026-05-17 22:22:13,446 INFO [django.server] "GET /api/v1/catalog/apis/speech-gateway/ HTTP/1.1" 200 2222
2026-05-17 22:22:13,447 INFO [django.server] "GET /api/v1/catalog/apis/speech-gateway/similar/ HTTP/1.1" 200 2
2026-05-17 22:22:14,097 INFO [django.server] "GET /api/speech-gateway?debug=1779043932996 HTTP/1.1" 200 4849
2026-05-17 22:22:14,153 INFO [django.server] "GET /assets/index-GnQ7u5RD.css HTTP/1.1" 200 18986
2026-05-17 22:22:14,161 INFO [django.server] "GET /assets/index-Ceg5DDGa.js HTTP/1.1" 200 112563
2026-05-17 22:22:14,197 INFO [django.server] "GET /assets/triangle-alert-BcvsWIcx.js HTTP/1.1" 200 524
2026-05-17 22:22:14,198 INFO [django.server] "GET /assets/ApiVaultBadges-7_koDImx.js HTTP/1.1" 200 1947
2026-05-17 22:22:14,198 INFO [django.server] "GET /assets/eye-Dz7Ly8pK.js HTTP/1.1" 200 363
2026-05-17 22:22:14,198 INFO [django.server] "GET /assets/ApiDetails-COZE5SzX.js HTTP/1.1" 200 6279
2026-05-17 22:22:14,199 INFO [django.server] "GET /assets/external-link-Bj__OkZo.js HTTP/1.1" 200 456
2026-05-17 22:22:14,200 INFO [django.server] "GET /assets/circle-check-BFEZnJWd.js HTTP/1.1" 200 324
2026-05-17 22:22:14,203 INFO [django.server] "GET /assets/check-fse6cSDP.js HTTP/1.1" 200 305
2026-05-17 22:22:14,251 INFO [django.server] "GET /api/v1/auth/session/ HTTP/1.1" 200 50
2026-05-17 22:22:50,113 INFO [django.server] "GET /api/v1/auth/session/ HTTP/1.1" 200 50
2026-05-17 22:22:50,113 INFO [django.server] "GET /api/v1/catalog/apis/speech-gateway/ HTTP/1.1" 200 2222
2026-05-17 22:22:50,113 INFO [django.server] "GET /api/v1/catalog/apis/speech-gateway/similar/ HTTP/1.1" 200 2
2026-05-17 22:23:19,845 INFO [django.server] "GET /api/v1/auth/session/ HTTP/1.1" 200 50
2026-05-17 22:23:19,845 INFO [django.server] "GET /api/v1/catalog/apis/speech-gateway/ HTTP/1.1" 200 2222
2026-05-17 22:23:19,848 INFO [django.server] "GET /api/v1/catalog/apis/speech-gateway/similar/ HTTP/1.1" 200 2
2026-05-17 22:23:22,283 INFO [django.server] "GET /api/v1/catalog/apis/payments-hub/ HTTP/1.1" 200 2054
2026-05-17 22:23:22,283 INFO [django.server] "GET /api/v1/auth/session/ HTTP/1.1" 200 50
2026-05-17 22:23:22,287 INFO [django.server] "GET /api/v1/catalog/apis/payments-hub/similar/ HTTP/1.1" 200 872
2026-05-17 22:23:24,560 INFO [django.server] "GET /api/v1/auth/session/ HTTP/1.1" 200 50
2026-05-17 22:23:24,565 INFO [django.server] "GET /api/v1/catalog/apis/geo-routes/ HTTP/1.1" 200 2080
2026-05-17 22:23:24,569 INFO [django.server] "GET /api/v1/catalog/apis/geo-routes/similar/ HTTP/1.1" 200 868
2026-05-17 22:23:27,660 INFO [django.server] "GET /api/speech-gateway HTTP/1.1" 200 4849
2026-05-17 22:23:27,711 INFO [django.server] "GET /assets/index-GnQ7u5RD.css HTTP/1.1" 200 19023
2026-05-17 22:23:27,722 INFO [django.server] "GET /assets/index-Ceg5DDGa.js HTTP/1.1" 200 112636
2026-05-17 22:23:27,755 INFO [django.server] "GET /assets/ApiDetails-COZE5SzX.js HTTP/1.1" 200 6241
2026-05-17 22:23:27,761 INFO [django.server] "GET /assets/triangle-alert-BcvsWIcx.js HTTP/1.1" 200 471
2026-05-17 22:23:27,762 INFO [django.server] "GET /assets/external-link-Bj__OkZo.js HTTP/1.1" 200 441
2026-05-17 22:23:27,762 INFO [django.server] "GET /assets/eye-Dz7Ly8pK.js HTTP/1.1" 200 385
2026-05-17 22:23:27,763 INFO [django.server] "GET /assets/ApiVaultBadges-7_koDImx.js HTTP/1.1" 200 1917
2026-05-17 22:23:27,763 INFO [django.server] "GET /assets/circle-check-BFEZnJWd.js HTTP/1.1" 200 348
2026-05-17 22:23:27,765 INFO [django.server] "GET /assets/check-fse6cSDP.js HTTP/1.1" 200 276
2026-05-17 22:23:27,815 INFO [django.server] "GET /api/v1/auth/session/ HTTP/1.1" 200 50
2026-05-17 22:23:31,041 INFO [django.server] "GET /api/payments-hub HTTP/1.1" 200 5559
2026-05-17 22:23:31,097 INFO [django.server] "GET /assets/index-GnQ7u5RD.css HTTP/1.1" 200 18969
2026-05-17 22:23:31,108 INFO [django.server] "GET /assets/index-Ceg5DDGa.js HTTP/1.1" 200 112638
2026-05-17 22:23:31,151 INFO [django.server] "GET /assets/triangle-alert-BcvsWIcx.js HTTP/1.1" 200 510
2026-05-17 22:23:31,152 INFO [django.server] "GET /assets/ApiDetails-COZE5SzX.js HTTP/1.1" 200 6312
2026-05-17 22:23:31,152 INFO [django.server] "GET /assets/eye-Dz7Ly8pK.js HTTP/1.1" 200 394
2026-05-17 22:23:31,152 INFO [django.server] "GET /assets/ApiVaultBadges-7_koDImx.js HTTP/1.1" 200 1925
2026-05-17 22:23:31,153 INFO [django.server] "GET /assets/circle-check-BFEZnJWd.js HTTP/1.1" 200 338
2026-05-17 22:23:31,153 INFO [django.server] "GET /assets/external-link-Bj__OkZo.js HTTP/1.1" 200 458
2026-05-17 22:23:31,157 INFO [django.server] "GET /assets/check-fse6cSDP.js HTTP/1.1" 200 270
2026-05-17 22:23:31,208 INFO [django.server] "GET /api/v1/auth/session/ HTTP/1.1" 200 50
2026-05-17 22:23:34,292 INFO [django.server] "GET /api/geo-routes HTTP/1.1" 200 5579
2026-05-17 22:23:34,345 INFO [django.server] "GET /assets/index-GnQ7u5RD.css HTTP/1.1" 200 19029
2026-05-17 22:23:34,355 INFO [django.server] "GET /assets/index-Ceg5DDGa.js HTTP/1.1" 200 112583
2026-05-17 22:23:34,387 INFO [django.server] "GET /assets/ApiDetails-COZE5SzX.js HTTP/1.1" 200 6285
2026-05-17 22:23:34,392 INFO [django.server] "GET /assets/ApiVaultBadges-7_koDImx.js HTTP/1.1" 200 1953
2026-05-17 22:23:34,393 INFO [django.server] "GET /assets/external-link-Bj__OkZo.js HTTP/1.1" 200 479
2026-05-17 22:23:34,394 INFO [django.server] "GET /assets/circle-check-BFEZnJWd.js HTTP/1.1" 200 287
2026-05-17 22:23:34,396 INFO [django.server] "GET /assets/triangle-alert-BcvsWIcx.js HTTP/1.1" 200 478
2026-05-17 22:23:34,396 INFO [django.server] "GET /assets/eye-Dz7Ly8pK.js HTTP/1.1" 200 329
2026-05-17 22:23:34,396 INFO [django.server] "GET /assets/check-fse6cSDP.js HTTP/1.1" 200 296
2026-05-17 22:23:34,452 INFO [django.server] "GET /api/v1/auth/session/ HTTP/1.1" 200 50
2026-05-17 22:24:26,476 INFO [django.server] "GET /api/v1/system/health/ HTTP/1.1" 200 57
2026-05-17 22:24:26,510 INFO [django.server] "GET /api/v1/system/health/ HTTP/1.1" 200 57
2026-05-17 22:24:26,527 INFO [django.server] "GET /api/v1/schema/openapi.json HTTP/1.1" 200 5970
2026-05-17 22:24:26,544 INFO [django.server] "GET /api/v1/auth/session/ HTTP/1.1" 200 50
2026-05-17 22:24:26,562 INFO [django.server] "GET /api/v1/auth/social/providers/ HTTP/1.1" 200 426
2026-05-17 22:24:26,580 ERROR [django.request] Service Unavailable: /api/v1/auth/social/google/start/
2026-05-17 22:24:26,580 ERROR [django.server] "GET /api/v1/auth/social/google/start/ HTTP/1.1" 503 230
2026-05-17 22:24:26,595 INFO [django.server] "GET /api/v1/catalog/categories/ HTTP/1.1" 200 1107
2026-05-17 22:24:26,614 INFO [django.server] "GET /api/v1/catalog/apis/?ordering=-rating HTTP/1.1" 200 2672
2026-05-17 22:24:26,629 INFO [django.server] "GET /api/v1/catalog/pricing-plans/ HTTP/1.1" 200 1494
2026-05-17 22:24:26,645 INFO [django.server] "GET /api/v1/catalog/documentations/ HTTP/1.1" 200 1264
2026-05-17 22:24:26,661 INFO [django.server] "GET /api/v1/catalog/apis/speech-gateway/ HTTP/1.1" 200 2222
2026-05-17 22:24:26,676 INFO [django.server] "GET /api/v1/catalog/apis/speech-gateway/similar/ HTTP/1.1" 200 2
2026-05-17 22:24:26,694 INFO [django.server] "GET /api/v1/catalog/apis/speech-gateway/plans/ HTTP/1.1" 200 544
2026-05-17 22:24:26,711 INFO [django.server] "GET /api/v1/catalog/apis/speech-gateway/docs/ HTTP/1.1" 200 479
2026-05-17 22:24:26,728 INFO [django.server] "GET /api/v1/catalog/apis/?tag=speech HTTP/1.1" 200 934
2026-05-17 22:24:26,744 INFO [django.server] "GET /api/v1/catalog/apis/?search=%D8%AF%D8%B1%DA%AF%D8%A7%D9%87%20%DA%AF%D9%81%D8%AA%D8%A7%D8%B1 HTTP/1.1" 200 934
2026-05-17 22:24:26,759 INFO [django.server] "GET /api/v1/catalog/categories/fintech/ HTTP/1.1" 200 352
2026-05-17 22:24:26,776 INFO [django.server] "GET /api/v1/catalog/categories/fintech/apis/ HTTP/1.1" 200 918
2026-05-17 22:24:26,776 WARNING [django.request] Forbidden: /api/v1/account/user/
2026-05-17 22:24:26,776 WARNING [django.server] "GET /api/v1/account/user/ HTTP/1.1" 403 267
2026-05-17 22:24:26,791 INFO [django.server] "GET /api/v1/auth/session/ HTTP/1.1" 200 50
2026-05-17 22:24:27,430 INFO [django.server] "POST /api/v1/auth/register/ HTTP/1.1" 201 627
2026-05-17 22:24:27,446 INFO [django.server] "POST /api/v1/auth/logout/ HTTP/1.1" 200 60
2026-05-17 22:24:28,024 WARNING [django.request] Bad Request: /api/v1/auth/login/
2026-05-17 22:24:28,025 WARNING [django.server] "POST /api/v1/auth/login/ HTTP/1.1" 400 235
2026-05-17 22:24:28,043 INFO [django.server] "GET /api/v1/auth/session/ HTTP/1.1" 200 50
2026-05-17 22:24:28,688 INFO [django.server] "GET /api/v1/auth/session/ HTTP/1.1" 200 50
2026-05-17 22:24:28,696 INFO [django.server] "GET /api/v1/catalog/apis/?page_size=12&ordering=-rating HTTP/1.1" 200 2672
2026-05-17 22:24:28,702 INFO [django.server] "GET /api/v1/catalog/apis/?page_size=12&featured=true&ordering=-rating HTTP/1.1" 200 1801
2026-05-17 22:24:28,716 INFO [django.server] "GET /api/v1/catalog/categories/?page_size=100 HTTP/1.1" 200 1107
2026-05-17 22:24:28,839 INFO [django.server] "POST /api/v1/auth/login/ HTTP/1.1" 200 867
2026-05-17 22:24:28,843 INFO [django.server] "GET /api/v1/account/user/ HTTP/1.1" 200 171
2026-05-17 22:24:28,847 INFO [django.server] "GET /api/v1/account/profile/ HTTP/1.1" 200 619
2026-05-17 22:24:28,862 INFO [django.server] "GET /api/v1/account/access/ HTTP/1.1" 200 2966
2026-05-17 22:24:28,865 INFO [django.server] "GET /api/v1/account/usage/ HTTP/1.1" 200 5232
2026-05-17 22:24:28,869 INFO [django.server] "GET /api/v1/account/usage/stats/ HTTP/1.1" 200 254
2026-05-17 22:24:28,895 INFO [django.server] "PATCH /api/v1/account/user/ HTTP/1.1" 200 233
2026-05-17 22:24:28,899 INFO [django.server] "PATCH /api/v1/account/profile/ HTTP/1.1" 200 568
2026-05-17 22:24:28,904 INFO [django.server] "POST /api/v1/catalog/apis/speech-gateway/ratings/ HTTP/1.1" 200 129
2026-05-17 22:24:28,911 INFO [django.server] "GET /api/apis/ HTTP/1.1" 200 2672
2026-05-17 22:24:28,939 INFO [django.server] "GET /api/apis/speech-gateway/ HTTP/1.1" 200 2222
2026-05-17 22:24:28,944 INFO [django.server] "GET /api/apis/speech-gateway/similar/ HTTP/1.1" 200 2
2026-05-17 22:24:28,970 INFO [django.server] "GET /api/categories/ HTTP/1.1" 200 1107
2026-05-17 22:24:28,980 INFO [django.server] "GET /api/categories/fintech/ HTTP/1.1" 200 352
2026-05-17 22:24:28,991 INFO [django.server] "GET /api/categories/fintech/apis/ HTTP/1.1" 200 918
2026-05-17 22:24:28,996 INFO [django.server] "GET /api/pricing-plans/ HTTP/1.1" 200 1494
2026-05-17 22:24:28,999 INFO [django.server] "GET /api/documentations/ HTTP/1.1" 200 1264
2026-05-17 22:24:29,002 WARNING [django.request] Forbidden: /api/profile/me/generate-api-key/
2026-05-17 22:24:29,002 WARNING [django.server] "POST /api/profile/me/generate-api-key/ HTTP/1.1" 403 303
2026-05-17 22:24:29,006 INFO [django.server] "POST /api/v1/auth/logout/ HTTP/1.1" 200 60
2026-05-17 22:24:29,031 INFO [django.server] "GET /api/v1/catalog/apis/?page_size=12&ordering=-rating&page=1 HTTP/1.1" 200 2672
2026-05-17 22:24:29,790 INFO [django.server] "GET /api/v1/catalog/apis/?page_size=12&search=%D9%BE%D8%B1%D8%AF%D8%A7%D8%AE%D8%AA&ordering=-rating&page=1 HTTP/1.1" 200 918
2026-05-17 22:24:29,946 INFO [django.server] "GET /api/v1/catalog/apis/payments-hub/ HTTP/1.1" 200 2054
2026-05-17 22:24:29,949 INFO [django.server] "GET /api/v1/catalog/apis/payments-hub/similar/ HTTP/1.1" 200 872
2026-05-17 22:24:32,940 INFO [django.server] "GET /api/v1/auth/session/ HTTP/1.1" 200 50
2026-05-17 22:24:32,943 INFO [django.server] "GET /api/v1/catalog/pricing-plans/?page_size=100 HTTP/1.1" 200 1494
2026-05-17 22:24:32,946 INFO [django.server] "GET /api/v1/catalog/apis/?page_size=100&ordering=name HTTP/1.1" 200 2672
2026-05-17 22:24:35,064 INFO [django.server] "GET /api/v1/auth/session/ HTTP/1.1" 200 50
2026-05-17 22:24:35,064 INFO [django.server] "GET /api/v1/catalog/apis/?page_size=100&ordering=name HTTP/1.1" 200 2672
2026-05-17 22:24:35,064 INFO [django.server] "GET /api/v1/catalog/documentations/?page_size=100 HTTP/1.1" 200 1264
2026-05-17 22:24:35,271 INFO [django.server] "GET /api/v1/auth/session/ HTTP/1.1" 200 50
2026-05-17 22:24:35,459 INFO [django.server] "GET /api/v1/auth/session/ HTTP/1.1" 200 50
2026-05-17 22:24:35,696 INFO [django.server] "GET /api/v1/auth/session/ HTTP/1.1" 200 50
2026-05-17 22:24:35,696 INFO [django.server] "GET /api/v1/catalog/apis/?page_size=12&featured=true&ordering=-rating HTTP/1.1" 200 1801
2026-05-17 22:24:35,696 INFO [django.server] "GET /api/v1/catalog/apis/?page_size=12&ordering=-rating HTTP/1.1" 200 2672
2026-05-17 22:24:35,699 INFO [django.server] "GET /api/v1/catalog/categories/?page_size=100 HTTP/1.1" 200 1107
2026-05-17 22:24:36,563 INFO [django.server] "GET /api/v1/auth/session/ HTTP/1.1" 200 50
2026-05-17 22:24:36,565 INFO [django.server] "GET /api/v1/auth/social/providers/ HTTP/1.1" 200 426
2026-05-17 22:24:37,977 INFO [django.server] "POST /api/v1/auth/register/ HTTP/1.1" 201 645
2026-05-17 22:24:38,161 INFO [django.server] "GET /api/v1/account/usage/?page_size=25 HTTP/1.1" 200 52
2026-05-17 22:24:38,161 INFO [django.server] "GET /api/v1/account/usage/stats/ HTTP/1.1" 200 93
2026-05-17 22:24:38,161 INFO [django.server] "GET /api/v1/account/access/ HTTP/1.1" 200 52
2026-05-17 22:24:38,788 INFO [django.server] "GET /api/v1/catalog/apis/?page_size=12&ordering=-rating HTTP/1.1" 200 2672
2026-05-17 22:24:38,792 INFO [django.server] "GET /api/v1/catalog/apis/?page_size=12&featured=true&ordering=-rating HTTP/1.1" 200 1801
2026-05-17 22:24:38,798 INFO [django.server] "GET /api/v1/catalog/categories/?page_size=100 HTTP/1.1" 200 1107
2026-05-17 22:24:38,799 INFO [django.server] "POST /api/v1/auth/logout/ HTTP/1.1" 200 60
2026-05-17 22:24:39,081 INFO [django.server] "GET /api/v1/auth/session/ HTTP/1.1" 200 50
2026-05-17 22:24:39,082 INFO [django.server] "GET /api/v1/auth/social/providers/ HTTP/1.1" 200 426
2026-05-17 22:24:40,510 INFO [django.server] "POST /api/v1/auth/login/ HTTP/1.1" 200 730
2026-05-17 22:24:40,563 INFO [django.server] "GET /api/v1/account/access/ HTTP/1.1" 200 2966
2026-05-17 22:24:40,564 INFO [django.server] "GET /api/v1/account/usage/?page_size=25 HTTP/1.1" 200 5232
2026-05-17 22:24:40,566 INFO [django.server] "GET /api/v1/account/usage/stats/ HTTP/1.1" 200 254
2026-05-17 22:24:42,860 INFO [django.server] "PATCH /api/v1/account/user/ HTTP/1.1" 200 248
2026-05-17 22:24:43,088 INFO [django.server] "PATCH /api/v1/account/profile/ HTTP/1.1" 200 612
2026-05-17 22:24:43,193 INFO [django.server] "GET /api/v1/auth/session/ HTTP/1.1" 200 753
2026-05-17 22:24:43,198 INFO [django.server] "GET /api/v1/catalog/categories/?page_size=100 HTTP/1.1" 200 1107
2026-05-17 22:24:43,202 INFO [django.server] "GET /api/v1/catalog/apis/?page_size=12&featured=true&ordering=-rating HTTP/1.1" 200 1801
2026-05-17 22:24:43,206 INFO [django.server] "GET /api/v1/catalog/apis/?page_size=12&ordering=-rating&page=1 HTTP/1.1" 200 2672
2026-05-17 22:24:45,212 INFO [django.server] "GET /api/v1/catalog/apis/speech-gateway/ HTTP/1.1" 200 2222
2026-05-17 22:24:45,213 INFO [django.server] "GET /api/v1/catalog/apis/speech-gateway/similar/ HTTP/1.1" 200 2
2026-05-17 22:24:46,299 INFO [django.server] "POST /api/v1/catalog/apis/speech-gateway/ratings/ HTTP/1.1" 200 129
2026-05-17 22:24:46,328 INFO [django.server] "GET /api/v1/catalog/apis/speech-gateway/similar/ HTTP/1.1" 200 2
2026-05-17 22:24:46,328 INFO [django.server] "GET /api/v1/catalog/apis/speech-gateway/ HTTP/1.1" 200 2222
2026-05-17 22:24:46,398 INFO [django.server] "GET /api/v1/catalog/apis/?page_size=12&ordering=-rating HTTP/1.1" 200 2672
2026-05-17 22:24:46,404 INFO [django.server] "GET /api/v1/catalog/apis/?page_size=12&featured=true&ordering=-rating HTTP/1.1" 200 1801
2026-05-17 22:24:46,404 INFO [django.server] "POST /api/v1/auth/logout/ HTTP/1.1" 200 60
2026-05-17 22:24:46,516 INFO [django.server] "GET /api/v1/auth/session/ HTTP/1.1" 200 50
2026-05-17 22:24:46,551 INFO [django.server] "GET /api/v1/auth/social/providers/ HTTP/1.1" 200 426
2026-05-17 22:24:47,267 INFO [django.server] "GET /api/v1/auth/session/ HTTP/1.1" 200 50
2026-05-17 22:24:47,271 INFO [django.server] "GET /api/v1/catalog/apis/?page_size=12&ordering=-rating HTTP/1.1" 200 2672
2026-05-17 22:24:47,274 INFO [django.server] "GET /api/v1/catalog/apis/?page_size=12&featured=true&ordering=-rating HTTP/1.1" 200 1801
2026-05-17 22:24:47,278 INFO [django.server] "GET /api/v1/catalog/categories/?page_size=100 HTTP/1.1" 200 1107
2026-05-17 22:24:47,574 INFO [django.server] "GET /api/v1/catalog/apis/?page_size=12&ordering=-rating&page=1 HTTP/1.1" 200 2672
2026-05-17 22:24:47,743 INFO [django.server] "GET /api/v1/catalog/apis/speech-gateway/ HTTP/1.1" 200 2222
2026-05-17 22:24:47,747 INFO [django.server] "GET /api/v1/catalog/apis/speech-gateway/similar/ HTTP/1.1" 200 2
2026-05-17 22:24:47,932 INFO [django.server] "GET /api/v1/auth/session/ HTTP/1.1" 200 50
2026-05-17 22:24:47,934 INFO [django.server] "GET /api/v1/catalog/pricing-plans/?page_size=100 HTTP/1.1" 200 1494
2026-05-17 22:24:47,935 INFO [django.server] "GET /api/v1/catalog/apis/?page_size=100&ordering=name HTTP/1.1" 200 2672
2026-05-17 22:24:48,137 INFO [django.server] "GET /api/v1/auth/session/ HTTP/1.1" 200 50
2026-05-17 22:24:48,138 INFO [django.server] "GET /api/v1/catalog/apis/?page_size=100&ordering=name HTTP/1.1" 200 2672
2026-05-17 22:24:48,140 INFO [django.server] "GET /api/v1/catalog/documentations/?page_size=100 HTTP/1.1" 200 1264
2026-05-17 22:24:48,311 INFO [django.server] "GET /api/v1/auth/session/ HTTP/1.1" 200 50
2026-05-17 22:24:48,379 INFO [django.server] "GET /api/v1/auth/social/providers/ HTTP/1.1" 200 426
2026-05-17 22:29:40,104 INFO [django.server] "GET /api/v1/auth/session/ HTTP/1.1" 200 50
2026-05-17 22:29:40,109 INFO [django.server] "GET /api/v1/catalog/apis/speech-gateway/ HTTP/1.1" 200 2222
2026-05-17 22:29:40,113 INFO [django.server] "GET /api/v1/catalog/apis/speech-gateway/similar/ HTTP/1.1" 200 2
