2026-05-21 19:03:29,664 INFO [api] Sample QA data is ready for local validation.
2026-05-21 19:03:32,392 INFO [api] Sample QA data is ready for local validation.
2026-05-21 19:03:32,416 INFO [django.utils.autoreload] Watching for file changes with StatReloader
2026-05-21 19:04:48,865 INFO [django.server] "GET /api/v1/system/health/ HTTP/1.1" 200 57
2026-05-21 19:04:48,905 INFO [django.server] - Broken pipe from ('127.0.0.1', 55244)
2026-05-21 19:05:28,992 INFO [django.server] "GET /api/v1/auth/session/ HTTP/1.1" 200 50
2026-05-21 19:05:29,000 INFO [django.server] "GET /api/v1/catalog/apis/?page_size=12&ordering=-rating HTTP/1.1" 200 2672
2026-05-21 19:05:29,004 INFO [django.server] "GET /api/v1/catalog/apis/?page_size=12&featured=true&ordering=-rating HTTP/1.1" 200 1801
2026-05-21 19:05:29,006 INFO [django.server] "GET /api/v1/catalog/categories/?page_size=100 HTTP/1.1" 200 1107
2026-05-21 19:05:43,666 INFO [django.server] "GET /api/v1/catalog/categories/?page_size=100 HTTP/1.1" 200 1107
2026-05-21 19:05:43,667 INFO [django.server] "GET /api/v1/auth/session/ HTTP/1.1" 200 50
2026-05-21 19:05:43,667 INFO [django.server] "GET /api/v1/catalog/apis/?page_size=12&featured=true&ordering=-rating HTTP/1.1" 200 1801
2026-05-21 19:05:43,671 INFO [django.server] "GET /api/v1/catalog/apis/?page_size=100&ordering=-rating&page=1 HTTP/1.1" 200 2672
2026-05-21 19:05:44,997 INFO [django.server] "GET /api/v1/auth/session/ HTTP/1.1" 200 50
2026-05-21 19:05:45,003 INFO [django.server] "GET /api/v1/catalog/pricing-plans/?page_size=100 HTTP/1.1" 200 1494
2026-05-21 19:05:45,006 INFO [django.server] "GET /api/v1/catalog/subscription-plans/ HTTP/1.1" 200 1773
2026-05-21 19:05:45,007 INFO [django.server] "GET /api/v1/catalog/apis/?page_size=100&ordering=name HTTP/1.1" 200 2672
2026-05-21 19:05:46,215 INFO [django.server] "GET /api/v1/auth/session/ HTTP/1.1" 200 50
2026-05-21 19:05:46,215 INFO [django.server] "GET /api/v1/catalog/apis/?page_size=100&ordering=name HTTP/1.1" 200 2672
2026-05-21 19:05:46,215 INFO [django.server] "GET /api/v1/catalog/documentations/?page_size=100 HTTP/1.1" 200 1264
2026-05-21 19:05:48,037 INFO [django.server] "GET /api/v1/auth/session/ HTTP/1.1" 200 50
2026-05-21 19:05:49,204 INFO [django.server] "GET /api/v1/auth/session/ HTTP/1.1" 200 50
2026-05-21 19:05:49,225 INFO [django.server] "GET /api/v1/auth/social/providers/ HTTP/1.1" 200 426
2026-05-21 19:17:08,368 INFO [django.server] "GET /api/v1/auth/session/ HTTP/1.1" 200 50
2026-05-21 19:17:08,373 INFO [django.server] "GET /api/v1/catalog/apis/?page_size=12&ordering=-rating HTTP/1.1" 200 2672
2026-05-21 19:17:08,383 INFO [django.server] "GET /api/v1/catalog/apis/?page_size=12&featured=true&ordering=-rating HTTP/1.1" 200 1801
2026-05-21 19:17:08,386 INFO [django.server] "GET /api/v1/catalog/categories/?page_size=100 HTTP/1.1" 200 1107
2026-05-21 21:53:45,365 INFO [django.server] "GET /api/v1/catalog/apis/?page_size=12&ordering=-rating HTTP/1.1" 200 2672
2026-05-21 21:53:45,365 INFO [django.server] "GET /api/v1/auth/session/ HTTP/1.1" 200 50
2026-05-21 21:53:45,381 INFO [django.server] "GET /api/v1/catalog/apis/?page_size=12&featured=true&ordering=-rating HTTP/1.1" 200 1801
2026-05-21 21:53:45,538 INFO [django.server] "GET /api/v1/catalog/categories/?page_size=100 HTTP/1.1" 200 1107
2026-05-21 21:53:50,022 INFO [django.server] "GET /api/v1/catalog/apis/?page_size=100&ordering=-rating&page=1 HTTP/1.1" 200 2672
2026-05-21 21:53:51,911 INFO [django.server] "GET /api/v1/catalog/apis/?page_size=100&ordering=name HTTP/1.1" 200 2672
2026-05-21 21:53:51,914 INFO [django.server] "GET /api/v1/catalog/documentations/?page_size=100 HTTP/1.1" 200 1264
2026-05-21 21:54:03,828 INFO [django.server] "GET /api/v1/auth/social/providers/ HTTP/1.1" 200 426
2026-05-21 22:29:18,834 INFO [django.server] "GET /api/v1/catalog/apis/?page_size=100&ordering=-rating&page=1 HTTP/1.1" 200 2672
2026-05-21 22:29:18,834 INFO [django.server] "GET /api/v1/catalog/categories/?page_size=100 HTTP/1.1" 200 1107
2026-05-21 22:29:18,834 INFO [django.server] "GET /api/v1/auth/session/ HTTP/1.1" 200 50
2026-05-21 22:29:18,834 INFO [django.server] "GET /api/v1/catalog/apis/?page_size=12&featured=true&ordering=-rating HTTP/1.1" 200 1801
2026-05-21 22:29:20,663 INFO [django.server] "GET /api/v1/catalog/apis/?page_size=12&ordering=-rating HTTP/1.1" 200 2672
2026-05-22 00:03:58,012 INFO [django.server] "GET /api/v1/auth/social/providers/ HTTP/1.1" 200 426
2026-05-22 00:03:58,014 INFO [django.server] "GET /api/v1/auth/session/ HTTP/1.1" 200 50
2026-05-22 00:04:01,699 INFO [django.server] "POST /api/v1/auth/register/ HTTP/1.1" 201 569
2026-05-22 00:04:01,914 INFO [django.server] "GET /api/v1/account/access/ HTTP/1.1" 200 52
2026-05-22 00:04:01,914 INFO [django.server] "GET /api/v1/account/usage/stats/ HTTP/1.1" 200 93
2026-05-22 00:04:01,921 INFO [django.server] "GET /api/v1/account/subscription/ HTTP/1.1" 200 21
2026-05-22 00:04:01,921 INFO [django.server] "GET /api/v1/catalog/categories/?page=1&page_size=100 HTTP/1.1" 200 1107
2026-05-22 00:04:01,925 INFO [django.server] "GET /api/v1/catalog/apis/?page_size=12&ordering=-views_count HTTP/1.1" 200 2672
2026-05-22 00:04:03,685 INFO [django.server] "GET /api/v1/auth/session/ HTTP/1.1" 200 520
2026-05-22 00:04:03,685 INFO [django.server] "GET /api/v1/auth/social/providers/ HTTP/1.1" 200 426
2026-05-22 00:04:03,801 INFO [django.server] "GET /api/v1/account/access/ HTTP/1.1" 200 52
2026-05-22 00:04:03,806 INFO [django.server] "GET /api/v1/account/usage/stats/ HTTP/1.1" 200 93
2026-05-22 00:04:03,806 INFO [django.server] "GET /api/v1/account/subscription/ HTTP/1.1" 200 21
2026-05-22 00:04:03,813 INFO [django.server] "GET /api/v1/catalog/categories/?page=1&page_size=100 HTTP/1.1" 200 1107
2026-05-22 00:04:03,815 INFO [django.server] "GET /api/v1/catalog/apis/?page_size=12&ordering=-views_count HTTP/1.1" 200 2672
2026-05-22 00:05:04,679 INFO [django.server] "GET /api/v1/auth/session/ HTTP/1.1" 200 50
2026-05-22 00:05:04,679 INFO [django.server] "GET /api/v1/auth/social/providers/ HTTP/1.1" 200 426
2026-05-22 00:08:39,345 INFO [django.server] "GET /api/v1/auth/session/ HTTP/1.1" 200 50
2026-05-22 00:08:39,345 INFO [django.server] "GET /api/v1/auth/social/providers/ HTTP/1.1" 200 426
2026-05-22 00:08:41,794 INFO [django.server] "POST /api/v1/auth/register/ HTTP/1.1" 201 569
2026-05-22 00:08:41,892 INFO [django.server] "GET /api/v1/account/usage/stats/ HTTP/1.1" 200 93
2026-05-22 00:08:41,892 INFO [django.server] "GET /api/v1/account/access/ HTTP/1.1" 200 52
2026-05-22 00:08:41,898 INFO [django.server] "GET /api/v1/account/subscription/ HTTP/1.1" 200 21
2026-05-22 00:08:41,899 INFO [django.server] "GET /api/v1/catalog/categories/?page=1&page_size=100 HTTP/1.1" 200 1107
2026-05-22 00:08:41,903 INFO [django.server] "GET /api/v1/catalog/apis/?page_size=12&ordering=-views_count HTTP/1.1" 200 2672
2026-05-22 00:08:44,349 INFO [django.server] "GET /api/v1/auth/session/ HTTP/1.1" 200 520
2026-05-22 00:08:44,350 INFO [django.server] "GET /api/v1/auth/social/providers/ HTTP/1.1" 200 426
2026-05-22 00:08:44,459 INFO [django.server] "GET /api/v1/account/access/ HTTP/1.1" 200 52
2026-05-22 00:08:44,459 INFO [django.server] "GET /api/v1/account/usage/stats/ HTTP/1.1" 200 93
2026-05-22 00:08:44,465 INFO [django.server] "GET /api/v1/account/subscription/ HTTP/1.1" 200 21
2026-05-22 00:08:44,465 INFO [django.server] "GET /api/v1/catalog/categories/?page=1&page_size=100 HTTP/1.1" 200 1107
2026-05-22 00:08:44,470 INFO [django.server] "GET /api/v1/catalog/apis/?page_size=12&ordering=-views_count HTTP/1.1" 200 2672
2026-05-22 00:11:28,758 INFO [django.server] "GET /api/v1/auth/session/ HTTP/1.1" 200 50
2026-05-22 00:11:28,759 INFO [django.server] "GET /api/v1/auth/social/providers/ HTTP/1.1" 200 426
2026-05-22 00:12:14,071 INFO [django.server] "GET /api/v1/auth/session/ HTTP/1.1" 200 50
2026-05-22 00:12:14,910 INFO [django.server] "POST /api/v1/auth/register/ HTTP/1.1" 201 587
2026-05-22 00:13:57,468 INFO [django.server] "GET /api/v1/auth/session/ HTTP/1.1" 200 50
2026-05-22 00:13:58,108 INFO [django.server] "POST /api/v1/auth/login/ HTTP/1.1" 200 867
2026-05-22 00:14:58,076 INFO [django.server] "GET /api/v1/auth/session/ HTTP/1.1" 200 50
2026-05-22 00:14:58,085 INFO [django.server] "GET /api/v1/auth/social/providers/ HTTP/1.1" 200 426
2026-05-22 00:19:54,794 INFO [django.server] "GET /api/v1/auth/session/ HTTP/1.1" 200 50
2026-05-22 00:19:55,431 INFO [django.server] "POST /api/v1/auth/login/ HTTP/1.1" 200 867
2026-05-22 00:20:46,978 INFO [django.server] "GET /api/v1/auth/session/ HTTP/1.1" 200 50
2026-05-22 00:20:47,619 INFO [django.server] "POST /api/v1/auth/register/ HTTP/1.1" 201 589
2026-05-22 00:26:27,400 INFO [django.server] "GET /api/v1/auth/session/ HTTP/1.1" 200 50
2026-05-22 00:26:27,408 INFO [django.server] "GET /api/v1/catalog/apis/?page_size=12&ordering=-rating HTTP/1.1" 200 2672
2026-05-22 00:26:27,419 INFO [django.server] "GET /api/v1/catalog/apis/?page_size=12&featured=true&ordering=-rating HTTP/1.1" 200 1801
2026-05-22 00:26:27,424 INFO [django.server] "GET /api/v1/catalog/categories/?page_size=100 HTTP/1.1" 200 1107
2026-05-22 00:26:54,696 INFO [django.server] "GET /api/v1/auth/session/ HTTP/1.1" 200 50
2026-05-22 00:26:55,711 INFO [django.server] "GET /api/v1/auth/social/providers/ HTTP/1.1" 200 426
2026-05-22 00:27:04,917 INFO [django.server] "POST /api/v1/auth/login/ HTTP/1.1" 200 867
2026-05-22 00:27:05,122 INFO [django.server] "GET /api/v1/account/access/ HTTP/1.1" 200 2966
2026-05-22 00:27:05,127 INFO [django.server] "GET /api/v1/account/usage/stats/ HTTP/1.1" 200 254
2026-05-22 00:27:05,132 INFO [django.server] "GET /api/v1/account/subscription/ HTTP/1.1" 200 784
2026-05-22 00:27:05,137 INFO [django.server] "GET /api/v1/catalog/categories/?page=1&page_size=100 HTTP/1.1" 200 1107
2026-05-22 00:27:05,152 INFO [django.server] "GET /api/v1/catalog/apis/?page_size=12&ordering=-views_count HTTP/1.1" 200 2672
2026-05-22 00:38:17,539 INFO [django.server] "GET /api/v1/auth/session/ HTTP/1.1" 200 831
2026-05-22 00:38:17,540 INFO [django.server] "GET /api/v1/account/profile/ HTTP/1.1" 200 619
2026-05-22 00:38:17,550 INFO [django.server] "GET /api/v1/account/access/ HTTP/1.1" 200 2966
2026-05-22 00:38:17,556 INFO [django.server] "GET /api/v1/account/usage/stats/ HTTP/1.1" 200 254
2026-05-22 00:38:17,562 INFO [django.server] "GET /api/v1/account/subscription/ HTTP/1.1" 200 784
2026-05-22 00:38:17,580 INFO [django.server] "GET /api/v1/catalog/categories/?page_size=100 HTTP/1.1" 200 1107
2026-05-22 00:38:17,739 INFO [django.server] "GET /api/v1/catalog/apis/?page_size=6&featured=true&ordering=-rating HTTP/1.1" 200 1801
2026-05-22 00:38:17,749 INFO [django.server] "GET /api/v1/catalog/apis/?page_size=12&ordering=-rating HTTP/1.1" 200 2672
2026-05-22 00:38:46,875 INFO [django.server] "GET /api/v1/auth/session/ HTTP/1.1" 200 831
2026-05-22 00:38:48,334 INFO [django.server] "GET /api/v1/account/access/ HTTP/1.1" 200 2966
2026-05-22 00:38:48,342 INFO [django.server] "GET /api/v1/account/usage/stats/ HTTP/1.1" 200 254
2026-05-22 00:38:48,360 INFO [django.server] "GET /api/v1/catalog/categories/?page_size=100 HTTP/1.1" 200 1107
2026-05-22 00:38:48,361 INFO [django.server] "GET /api/v1/account/subscription/ HTTP/1.1" 200 784
2026-05-22 00:38:48,366 INFO [django.server] "GET /api/v1/catalog/apis/?page_size=6&featured=true&ordering=-rating HTTP/1.1" 200 1801
2026-05-22 00:38:48,366 INFO [django.server] "GET /api/v1/catalog/apis/?page_size=12&ordering=-rating HTTP/1.1" 200 2672
2026-05-22 00:40:15,506 INFO [django.server] "GET /api/v1/auth/session/ HTTP/1.1" 200 831
2026-05-22 00:40:15,508 INFO [django.server] "GET /api/v1/auth/session/ HTTP/1.1" 200 831
2026-05-22 00:40:15,510 INFO [django.server] "GET /api/v1/auth/social/providers/ HTTP/1.1" 200 426
2026-05-22 00:40:15,519 INFO [django.server] "GET /api/v1/account/access/ HTTP/1.1" 200 2966
2026-05-22 00:40:15,519 INFO [django.server] "GET /api/v1/account/profile/ HTTP/1.1" 200 619
2026-05-22 00:40:15,523 INFO [django.server] "GET /api/v1/account/usage/stats/ HTTP/1.1" 200 254
2026-05-22 00:40:15,524 INFO [django.server] "GET /api/v1/account/subscription/ HTTP/1.1" 200 784
2026-05-22 00:40:15,527 INFO [django.server] "GET /api/v1/catalog/categories/?page_size=100 HTTP/1.1" 200 1107
2026-05-22 00:40:15,531 INFO [django.server] "GET /api/v1/catalog/apis/?page_size=6&featured=true&ordering=-rating HTTP/1.1" 200 1801
2026-05-22 00:40:15,537 INFO [django.server] "GET /api/v1/catalog/apis/?page_size=12&ordering=-rating HTTP/1.1" 200 2672
2026-05-22 00:40:15,573 INFO [django.server] "GET /api/v1/auth/session/ HTTP/1.1" 200 831
2026-05-22 00:40:15,773 INFO [django.server] "GET /api/v1/account/access/ HTTP/1.1" 200 2966
2026-05-22 00:40:15,774 INFO [django.server] "GET /api/v1/account/usage/stats/ HTTP/1.1" 200 254
2026-05-22 00:40:15,775 INFO [django.server] "GET /api/v1/account/subscription/ HTTP/1.1" 200 784
2026-05-22 00:40:15,782 INFO [django.server] "GET /api/v1/catalog/apis/?page_size=6&featured=true&ordering=-rating HTTP/1.1" 200 1801
2026-05-22 00:40:15,786 INFO [django.server] "GET /api/v1/catalog/categories/?page_size=100 HTTP/1.1" 200 1107
2026-05-22 00:40:15,787 INFO [django.server] "GET /api/v1/catalog/apis/?page_size=12&ordering=-rating HTTP/1.1" 200 2672
2026-05-22 00:53:57,687 INFO [django.server] "GET /api/v1/auth/session/ HTTP/1.1" 200 831
2026-05-22 00:53:57,784 INFO [django.server] "GET /api/v1/auth/session/ HTTP/1.1" 200 831
2026-05-22 00:53:59,622 INFO [django.server] "GET /api/v1/account/access/ HTTP/1.1" 200 2966
2026-05-22 00:53:59,623 INFO [django.server] "GET /api/v1/account/access/ HTTP/1.1" 200 2966
2026-05-22 00:53:59,631 INFO [django.server] "GET /api/v1/account/usage/stats/ HTTP/1.1" 200 254
2026-05-22 00:53:59,635 INFO [django.server] "GET /api/v1/account/subscription/ HTTP/1.1" 200 784
2026-05-22 00:53:59,642 INFO [django.server] "GET /api/v1/account/usage/stats/ HTTP/1.1" 200 254
2026-05-22 00:53:59,645 INFO [django.server] "GET /api/v1/account/subscription/ HTTP/1.1" 200 784
2026-05-22 00:53:59,649 INFO [django.server] "GET /api/v1/catalog/categories/?page_size=100 HTTP/1.1" 200 1107
2026-05-22 00:53:59,653 INFO [django.server] "GET /api/v1/catalog/apis/?page_size=6&featured=true&ordering=-rating HTTP/1.1" 200 1801
2026-05-22 00:53:59,654 INFO [django.server] "GET /api/v1/catalog/categories/?page_size=100 HTTP/1.1" 200 1107
2026-05-22 00:53:59,663 INFO [django.server] "GET /api/v1/catalog/apis/?page_size=12&ordering=-rating HTTP/1.1" 200 2672
2026-05-22 00:53:59,663 INFO [django.server] "GET /api/v1/catalog/apis/?page_size=6&featured=true&ordering=-rating HTTP/1.1" 200 1801
2026-05-22 00:53:59,668 INFO [django.server] "GET /api/v1/catalog/apis/?page_size=12&ordering=-rating HTTP/1.1" 200 2672
2026-05-22 01:04:57,308 INFO [django.server] "GET /api/v1/catalog/apis/?page_size=12&featured=true&ordering=-rating HTTP/1.1" 200 1801
2026-05-22 01:04:57,309 INFO [django.server] "GET /api/v1/catalog/apis/?page_size=12&ordering=-rating HTTP/1.1" 200 2672
2026-05-22 01:04:57,309 INFO [django.server] "GET /api/v1/catalog/categories/?page_size=100 HTTP/1.1" 200 1107
2026-05-22 01:04:57,309 INFO [django.server] "GET /api/v1/auth/session/ HTTP/1.1" 200 831
2026-05-22 01:05:03,307 INFO [django.server] "GET /api/v1/catalog/apis/?page_size=100&ordering=name HTTP/1.1" 200 2672
2026-05-22 01:05:03,314 INFO [django.server] "GET /api/v1/catalog/documentations/?page_size=100 HTTP/1.1" 200 1264
2026-05-22 01:05:29,674 INFO [django.server] "GET /api/v1/catalog/apis/?page_size=100&ordering=-rating&page=1 HTTP/1.1" 200 2672
2026-05-22 01:09:59,433 INFO [django.server] "GET /api/v1/catalog/apis/?page_size=12&category=fintech&ordering=-rating&page=1 HTTP/1.1" 200 918
2026-05-22 01:10:03,115 INFO [django.server] "GET /api/v1/catalog/apis/?page_size=12&category=location&ordering=-rating&page=1 HTTP/1.1" 200 922
2026-05-22 01:10:07,877 INFO [django.server] "GET /api/v1/auth/session/ HTTP/1.1" 200 831
2026-05-22 01:10:07,896 INFO [django.server] "GET /api/v1/catalog/apis/geo-routes/ HTTP/1.1" 200 3136
2026-05-22 01:10:07,897 INFO [django.server] "GET /api/v1/catalog/apis/geo-routes/similar/ HTTP/1.1" 200 868
2026-05-22 01:10:16,164 INFO [django.server] "GET /api/v1/catalog/apis/?page_size=12&ordering=-rating HTTP/1.1" 200 2672
2026-05-22 01:10:16,165 INFO [django.server] "GET /api/v1/catalog/categories/?page_size=100 HTTP/1.1" 200 1107
2026-05-22 01:10:16,165 INFO [django.server] "GET /api/v1/catalog/apis/?page_size=12&featured=true&ordering=-rating HTTP/1.1" 200 1801
2026-05-22 01:12:48,449 INFO [django.server] "GET /api/v1/auth/session/ HTTP/1.1" 200 831
2026-05-22 01:12:49,581 INFO [django.server] "GET /api/v1/account/access/ HTTP/1.1" 200 2966
2026-05-22 01:12:49,582 INFO [django.server] "GET /api/v1/account/usage/stats/ HTTP/1.1" 200 254
2026-05-22 01:12:49,585 INFO [django.server] "GET /api/v1/account/subscription/ HTTP/1.1" 200 784
2026-05-22 01:12:49,586 INFO [django.server] "GET /api/v1/catalog/categories/?page_size=100 HTTP/1.1" 200 1107
2026-05-22 01:12:49,592 INFO [django.server] "GET /api/v1/catalog/apis/?page_size=6&featured=true&ordering=-rating HTTP/1.1" 200 1801
2026-05-22 01:12:49,592 INFO [django.server] "GET /api/v1/catalog/apis/?page_size=12&ordering=-rating HTTP/1.1" 200 2672
2026-05-22 01:12:55,574 INFO [django.server] "GET /api/v1/catalog/apis/?page_size=12&featured=true&ordering=-rating HTTP/1.1" 200 1801
2026-05-22 01:12:55,574 INFO [django.server] "GET /api/v1/catalog/apis/?page_size=100&ordering=-rating&page=1 HTTP/1.1" 200 2672
2026-05-22 01:12:57,916 INFO [django.server] "GET /api/v1/catalog/apis/?page_size=100&ordering=name HTTP/1.1" 200 2672
2026-05-22 01:12:57,920 INFO [django.server] "GET /api/v1/catalog/documentations/?page_size=100 HTTP/1.1" 200 1264
2026-05-22 01:13:38,329 WARNING [django.request] Forbidden: /api/v1/account/legacy-api-key/
2026-05-22 01:13:38,329 WARNING [django.server] "POST /api/v1/account/legacy-api-key/ HTTP/1.1" 403 303
2026-05-22 01:13:44,506 WARNING [django.request] Forbidden: /api/v1/account/legacy-api-key/
2026-05-22 01:13:44,507 WARNING [django.server] "POST /api/v1/account/legacy-api-key/ HTTP/1.1" 403 303
2026-05-22 01:15:00,466 INFO [django.server] "GET /api/v1/auth/session/ HTTP/1.1" 200 831
2026-05-22 01:15:00,470 INFO [django.server] "GET /api/v1/auth/session/ HTTP/1.1" 200 831
2026-05-22 01:15:00,476 INFO [django.server] "GET /api/v1/auth/session/ HTTP/1.1" 200 831
2026-05-22 01:15:00,476 INFO [django.server] "GET /api/v1/auth/session/ HTTP/1.1" 200 831
2026-05-22 01:15:22,452 INFO [django.server] "GET /api/v1/auth/session/ HTTP/1.1" 200 831
2026-05-22 01:15:23,737 INFO [django.server] "GET /api/v1/account/access/ HTTP/1.1" 200 2966
2026-05-22 01:15:23,743 INFO [django.server] "GET /api/v1/account/usage/stats/ HTTP/1.1" 200 254
2026-05-22 01:15:23,751 INFO [django.server] "GET /api/v1/account/subscription/ HTTP/1.1" 200 784
2026-05-22 01:15:23,751 INFO [django.server] "GET /api/v1/catalog/categories/?page_size=100 HTTP/1.1" 200 1107
2026-05-22 01:15:23,757 INFO [django.server] "GET /api/v1/catalog/apis/?page_size=6&featured=true&ordering=-rating HTTP/1.1" 200 1801
2026-05-22 01:15:23,762 INFO [django.server] "GET /api/v1/catalog/apis/?page_size=12&ordering=-rating HTTP/1.1" 200 2672
2026-05-22 01:15:52,911 INFO [django.server] "GET /api/v1/auth/session/ HTTP/1.1" 200 50
2026-05-22 01:15:52,912 INFO [django.server] "GET /api/v1/catalog/apis/?page_size=12&featured=true&ordering=-rating HTTP/1.1" 200 1801
2026-05-22 01:15:52,912 INFO [django.server] "GET /api/v1/catalog/apis/?page_size=12&ordering=-rating HTTP/1.1" 200 2672
2026-05-22 01:15:52,916 INFO [django.server] "GET /api/v1/catalog/categories/?page_size=100 HTTP/1.1" 200 1107
2026-05-22 01:16:30,829 INFO [django.server] "GET /api/v1/auth/session/ HTTP/1.1" 200 831
2026-05-22 01:16:30,833 INFO [django.server] "GET /api/v1/catalog/categories/?page_size=100 HTTP/1.1" 200 1107
2026-05-22 01:16:30,837 INFO [django.server] "GET /api/v1/catalog/apis/?page_size=12&featured=true&ordering=-rating HTTP/1.1" 200 1801
2026-05-22 01:16:30,841 INFO [django.server] "GET /api/v1/catalog/apis/?page_size=100&ordering=-rating&page=1 HTTP/1.1" 200 2672
2026-05-22 01:16:45,621 INFO [django.server] "GET /api/v1/catalog/apis/geo-routes/ HTTP/1.1" 200 3136
2026-05-22 01:16:45,625 INFO [django.server] "GET /api/v1/catalog/apis/geo-routes/similar/ HTTP/1.1" 200 868
2026-05-22 01:17:01,181 INFO [django.server] "GET /api/v1/auth/session/ HTTP/1.1" 200 50
2026-05-22 01:17:01,186 INFO [django.server] "GET /api/v1/catalog/apis/?page_size=12&ordering=-rating HTTP/1.1" 200 2672
2026-05-22 01:17:01,187 INFO [django.server] "GET /api/v1/catalog/apis/?page_size=12&featured=true&ordering=-rating HTTP/1.1" 200 1801
2026-05-22 01:17:01,190 INFO [django.server] "GET /api/v1/catalog/categories/?page_size=100 HTTP/1.1" 200 1107
2026-05-22 01:17:02,906 INFO [django.server] "GET /api/v1/auth/session/ HTTP/1.1" 200 50
2026-05-22 01:17:02,910 INFO [django.server] "GET /api/v1/catalog/apis/?page_size=12&ordering=-rating HTTP/1.1" 200 2672
2026-05-22 01:17:02,913 INFO [django.server] "GET /api/v1/catalog/apis/?page_size=12&featured=true&ordering=-rating HTTP/1.1" 200 1801
2026-05-22 01:17:02,916 INFO [django.server] "GET /api/v1/catalog/categories/?page_size=100 HTTP/1.1" 200 1107
2026-05-22 01:17:04,457 INFO [django.server] "GET /api/v1/auth/session/ HTTP/1.1" 200 50
2026-05-22 01:17:04,461 INFO [django.server] "GET /api/v1/catalog/apis/?page_size=12&ordering=-rating HTTP/1.1" 200 2672
2026-05-22 01:17:04,464 INFO [django.server] "GET /api/v1/catalog/apis/?page_size=12&featured=true&ordering=-rating HTTP/1.1" 200 1801
2026-05-22 01:17:04,466 INFO [django.server] "GET /api/v1/catalog/categories/?page_size=100 HTTP/1.1" 200 1107
2026-05-22 01:17:05,961 INFO [django.server] "GET /api/v1/auth/session/ HTTP/1.1" 200 50
2026-05-22 01:17:05,966 INFO [django.server] "GET /api/v1/catalog/apis/?page_size=12&ordering=-rating HTTP/1.1" 200 2672
2026-05-22 01:17:05,967 INFO [django.server] "GET /api/v1/catalog/apis/?page_size=12&featured=true&ordering=-rating HTTP/1.1" 200 1801
2026-05-22 01:17:05,969 INFO [django.server] "GET /api/v1/catalog/categories/?page_size=100 HTTP/1.1" 200 1107
2026-05-22 01:17:07,494 INFO [django.server] "GET /api/v1/auth/session/ HTTP/1.1" 200 50
2026-05-22 01:17:07,497 INFO [django.server] "GET /api/v1/catalog/apis/?page_size=12&ordering=-rating HTTP/1.1" 200 2672
2026-05-22 01:17:07,501 INFO [django.server] "GET /api/v1/catalog/apis/?page_size=12&featured=true&ordering=-rating HTTP/1.1" 200 1801
2026-05-22 01:17:07,501 INFO [django.server] "GET /api/v1/catalog/categories/?page_size=100 HTTP/1.1" 200 1107
2026-05-22 01:18:41,069 INFO [django.server] "GET /api/v1/auth/session/ HTTP/1.1" 200 50
2026-05-22 01:18:41,074 INFO [django.server] "GET /api/v1/catalog/apis/?page_size=12&ordering=-rating HTTP/1.1" 200 2672
2026-05-22 01:18:41,077 INFO [django.server] "GET /api/v1/catalog/apis/?page_size=12&featured=true&ordering=-rating HTTP/1.1" 200 1801
2026-05-22 01:18:41,079 INFO [django.server] "GET /api/v1/catalog/categories/?page_size=100 HTTP/1.1" 200 1107
2026-05-22 01:18:42,565 INFO [django.server] "GET /api/v1/auth/session/ HTTP/1.1" 200 50
2026-05-22 01:18:42,572 INFO [django.server] "GET /api/v1/catalog/apis/?page_size=12&ordering=-rating HTTP/1.1" 200 2672
2026-05-22 01:18:42,572 INFO [django.server] "GET /api/v1/catalog/apis/?page_size=12&featured=true&ordering=-rating HTTP/1.1" 200 1801
2026-05-22 01:18:42,575 INFO [django.server] "GET /api/v1/catalog/categories/?page_size=100 HTTP/1.1" 200 1107
2026-05-22 01:18:44,078 INFO [django.server] "GET /api/v1/auth/session/ HTTP/1.1" 200 50
2026-05-22 01:18:44,079 INFO [django.server] "GET /api/v1/catalog/apis/?page_size=12&ordering=-rating HTTP/1.1" 200 2672
2026-05-22 01:18:44,083 INFO [django.server] "GET /api/v1/catalog/apis/?page_size=12&featured=true&ordering=-rating HTTP/1.1" 200 1801
2026-05-22 01:18:44,090 INFO [django.server] "GET /api/v1/catalog/categories/?page_size=100 HTTP/1.1" 200 1107
2026-05-22 01:18:45,583 INFO [django.server] "GET /api/v1/auth/session/ HTTP/1.1" 200 50
2026-05-22 01:18:45,588 INFO [django.server] "GET /api/v1/catalog/apis/?page_size=12&ordering=-rating HTTP/1.1" 200 2672
2026-05-22 01:18:45,594 INFO [django.server] "GET /api/v1/catalog/apis/?page_size=12&featured=true&ordering=-rating HTTP/1.1" 200 1801
2026-05-22 01:18:45,594 INFO [django.server] "GET /api/v1/catalog/categories/?page_size=100 HTTP/1.1" 200 1107
2026-05-22 01:18:47,078 INFO [django.server] "GET /api/v1/auth/session/ HTTP/1.1" 200 50
2026-05-22 01:18:47,083 INFO [django.server] "GET /api/v1/catalog/apis/?page_size=12&ordering=-rating HTTP/1.1" 200 2672
2026-05-22 01:18:47,085 INFO [django.server] "GET /api/v1/catalog/apis/?page_size=12&featured=true&ordering=-rating HTTP/1.1" 200 1801
2026-05-22 01:18:47,088 INFO [django.server] "GET /api/v1/catalog/categories/?page_size=100 HTTP/1.1" 200 1107
2026-05-22 01:18:54,910 INFO [django.server] "GET /api/v1/catalog/apis/?page_size=12&ordering=-rating HTTP/1.1" 200 2672
2026-05-22 01:18:54,910 INFO [django.server] "GET /api/v1/auth/session/ HTTP/1.1" 200 50
2026-05-22 01:18:54,913 INFO [django.server] "GET /api/v1/catalog/apis/?page_size=12&featured=true&ordering=-rating HTTP/1.1" 200 1801
2026-05-22 01:18:54,916 INFO [django.server] "GET /api/v1/catalog/categories/?page_size=100 HTTP/1.1" 200 1107
2026-05-22 01:19:37,354 INFO [django.server] "GET /api/v1/auth/session/ HTTP/1.1" 200 831
2026-05-22 01:19:37,366 INFO [django.server] "GET /api/v1/catalog/apis/geo-routes/ HTTP/1.1" 200 3136
2026-05-22 01:19:37,391 INFO [django.server] "GET /api/v1/catalog/apis/geo-routes/similar/ HTTP/1.1" 200 868
2026-05-22 01:19:39,706 INFO [django.server] "GET /api/v1/catalog/categories/?page_size=100 HTTP/1.1" 200 1107
2026-05-22 01:19:39,706 INFO [django.server] "GET /api/v1/catalog/apis/?page_size=12&featured=true&ordering=-rating HTTP/1.1" 200 1801
2026-05-22 01:19:39,706 INFO [django.server] "GET /api/v1/catalog/apis/?page_size=12&ordering=-rating HTTP/1.1" 200 2672
2026-05-22 01:19:58,213 INFO [django.server] "GET /api/v1/catalog/apis/payments-hub/ HTTP/1.1" 200 3063
2026-05-22 01:19:58,233 INFO [django.server] "GET /api/v1/catalog/apis/payments-hub/similar/ HTTP/1.1" 200 872
2026-05-22 01:20:16,019 INFO [django.server] "GET /api/v1/auth/session/ HTTP/1.1" 200 50
2026-05-22 01:20:16,027 INFO [django.server] "GET /api/v1/catalog/apis/?page_size=12&ordering=-rating HTTP/1.1" 200 2672
2026-05-22 01:20:16,028 INFO [django.server] "GET /api/v1/catalog/apis/?page_size=12&featured=true&ordering=-rating HTTP/1.1" 200 1801
2026-05-22 01:20:16,028 INFO [django.server] "GET /api/v1/catalog/categories/?page_size=100 HTTP/1.1" 200 1107
2026-05-22 01:20:47,644 INFO [django.server] "GET /api/v1/catalog/apis/?page_size=12&ordering=-rating HTTP/1.1" 200 2672
2026-05-22 01:20:47,644 INFO [django.server] "GET /api/v1/auth/session/ HTTP/1.1" 200 50
2026-05-22 01:20:47,650 INFO [django.server] "GET /api/v1/catalog/apis/?page_size=12&featured=true&ordering=-rating HTTP/1.1" 200 1801
2026-05-22 01:20:47,651 INFO [django.server] "GET /api/v1/catalog/categories/?page_size=100 HTTP/1.1" 200 1107
2026-05-22 01:21:18,787 INFO [django.server] "GET /api/v1/auth/session/ HTTP/1.1" 200 50
2026-05-22 01:21:18,795 INFO [django.server] "GET /api/v1/catalog/apis/?page_size=12&featured=true&ordering=-rating HTTP/1.1" 200 1801
2026-05-22 01:21:18,795 INFO [django.server] "GET /api/v1/catalog/apis/?page_size=12&ordering=-rating HTTP/1.1" 200 2672
2026-05-22 01:21:18,796 INFO [django.server] "GET /api/v1/catalog/categories/?page_size=100 HTTP/1.1" 200 1107
2026-05-22 01:22:10,965 INFO [django.server] "GET /api/v1/auth/session/ HTTP/1.1" 200 831
2026-05-22 01:22:10,969 INFO [django.server] "GET /api/v1/catalog/apis/?page_size=100&ordering=name HTTP/1.1" 200 2672
2026-05-22 01:22:10,974 INFO [django.server] "GET /api/v1/catalog/documentations/?page_size=100 HTTP/1.1" 200 1264
2026-05-22 01:22:20,126 INFO [django.server] "GET /api/v1/auth/session/ HTTP/1.1" 200 831
2026-05-22 01:22:20,136 INFO [django.server] "GET /api/v1/catalog/apis/?page_size=100&ordering=name HTTP/1.1" 200 2672
2026-05-22 01:22:20,136 INFO [django.server] "GET /api/v1/catalog/documentations/?page_size=100 HTTP/1.1" 200 1264
2026-05-22 01:22:27,508 INFO [django.server] "GET /api/v1/catalog/apis/?page_size=100&owned=true&search=&ordering=-updated_at HTTP/1.1" 200 2672
2026-05-22 01:24:53,436 INFO [django.server] "GET /api/v1/auth/session/ HTTP/1.1" 200 831
2026-05-22 01:24:53,445 INFO [django.server] "GET /api/v1/catalog/apis/?page_size=12&ordering=-rating HTTP/1.1" 200 2672
2026-05-22 01:24:53,453 INFO [django.server] "GET /api/v1/catalog/categories/?page_size=100 HTTP/1.1" 200 1107
2026-05-22 01:24:53,454 INFO [django.server] "GET /api/v1/catalog/apis/?page_size=12&featured=true&ordering=-rating HTTP/1.1" 200 1801
2026-05-22 01:24:56,721 INFO [django.server] "GET /api/v1/catalog/apis/?page_size=100&owned=true&search=&ordering=-updated_at HTTP/1.1" 200 2672
2026-05-22 01:25:30,502 INFO [django.server] "GET /api/v1/auth/session/ HTTP/1.1" 200 831
2026-05-22 01:25:31,614 INFO [django.server] "GET /api/v1/catalog/apis/?page_size=100&owned=true&search=&ordering=-updated_at HTTP/1.1" 200 2672
2026-05-22 01:25:41,508 INFO [django.server] "GET /api/v1/catalog/apis/?page_size=12&ordering=-rating HTTP/1.1" 200 2672
2026-05-22 01:25:41,525 INFO [django.server] "GET /api/v1/catalog/apis/?page_size=12&featured=true&ordering=-rating HTTP/1.1" 200 1801
2026-05-22 01:25:41,525 INFO [django.server] "GET /api/v1/catalog/categories/?page_size=100 HTTP/1.1" 200 1107
2026-05-22 01:25:43,045 INFO [django.server] "GET /api/v1/catalog/apis/?page_size=100&ordering=-rating&page=1 HTTP/1.1" 200 2672
2026-05-22 01:25:56,576 INFO [django.server] "GET /api/v1/catalog/apis/?page_size=12&search=%D9%86%D9%82%D8%B4%D9%87&ordering=-rating&page=1 HTTP/1.1" 200 52
2026-05-22 01:26:09,177 INFO [django.server] "GET /api/v1/catalog/apis/?page_size=12&search=%D9%86%D9%82%D8%B4%D9%87&category=location&ordering=-rating&page=1 HTTP/1.1" 200 52
2026-05-22 01:26:13,529 INFO [django.server] "GET /api/v1/catalog/apis/?page_size=12&search=%D9%86%D9%82%D8%B4%D9%87&category=fintech&ordering=-rating&page=1 HTTP/1.1" 200 52
2026-05-22 01:26:35,654 INFO [django.server] "GET /api/v1/catalog/apis/?page_size=12&search=%D8%AF%D8%B1%DA%AF%D8%A7%D9%87&ordering=-rating&page=1 HTTP/1.1" 200 934
2026-05-22 01:26:42,545 INFO [django.server] "GET /api/v1/auth/session/ HTTP/1.1" 200 831
2026-05-22 01:26:42,552 INFO [django.server] "GET /api/v1/catalog/apis/speech-gateway/ HTTP/1.1" 200 3349
2026-05-22 01:26:42,556 INFO [django.server] "GET /api/v1/catalog/apis/speech-gateway/similar/ HTTP/1.1" 200 2
2026-05-22 01:27:34,499 INFO [django.server] "GET /api/v1/catalog/categories/?page_size=100 HTTP/1.1" 200 1107
2026-05-22 01:27:34,545 INFO [django.server] "GET /api/v1/catalog/apis/?page_size=100&ordering=-rating&page=1 HTTP/1.1" 200 2672
2026-05-22 01:27:34,545 INFO [django.server] "GET /api/v1/catalog/apis/?page_size=12&featured=true&ordering=-rating HTTP/1.1" 200 1801
2026-05-22 01:27:36,546 INFO [django.server] "GET /api/v1/catalog/apis/?page_size=100&ordering=name HTTP/1.1" 200 2672
2026-05-22 01:27:36,550 INFO [django.server] "GET /api/v1/catalog/documentations/?page_size=100 HTTP/1.1" 200 1264
2026-05-22 01:28:03,966 INFO [django.server] "GET /api/v1/auth/session/ HTTP/1.1" 200 831
2026-05-22 01:28:17,473 INFO [django.server] "GET /api/v1/catalog/apis/?page_size=100&owned=true&search=&ordering=-updated_at HTTP/1.1" 200 2672
2026-05-22 01:28:44,077 INFO [django.server] "GET /api/v1/catalog/categories/?page_size=100 HTTP/1.1" 200 1107
2026-05-22 01:28:44,099 INFO [django.server] "GET /api/v1/catalog/apis/?page_size=12&featured=true&ordering=-rating HTTP/1.1" 200 1801
2026-05-22 01:28:44,104 INFO [django.server] "GET /api/v1/catalog/apis/?page_size=100&ordering=-rating&page=1 HTTP/1.1" 200 2672
2026-05-22 01:29:12,160 INFO [django.server] "GET /api/v1/auth/session/ HTTP/1.1" 200 831
2026-05-22 01:29:39,576 INFO [django.server] "GET /api/v1/account/access/ HTTP/1.1" 200 2966
2026-05-22 01:29:39,580 INFO [django.server] "GET /api/v1/account/usage/stats/ HTTP/1.1" 200 254
2026-05-22 01:29:39,586 INFO [django.server] "GET /api/v1/account/subscription/ HTTP/1.1" 200 784
2026-05-22 01:29:39,593 INFO [django.server] "GET /api/v1/catalog/apis/?page_size=6&featured=true&ordering=-rating HTTP/1.1" 200 1801
2026-05-22 01:29:39,593 INFO [django.server] "GET /api/v1/catalog/apis/?page_size=12&ordering=-rating HTTP/1.1" 200 2672
2026-05-22 01:31:16,386 INFO [django.server] "GET /api/v1/auth/session/ HTTP/1.1" 200 831
2026-05-22 01:31:17,596 INFO [django.server] "GET /api/v1/account/access/ HTTP/1.1" 200 2966
2026-05-22 01:31:17,602 INFO [django.server] "GET /api/v1/account/subscription/ HTTP/1.1" 200 784
2026-05-22 01:31:17,609 INFO [django.server] "GET /api/v1/catalog/categories/?page_size=100 HTTP/1.1" 200 1107
2026-05-22 01:31:17,613 INFO [django.server] "GET /api/v1/catalog/apis/?page_size=6&featured=true&ordering=-rating HTTP/1.1" 200 1801
2026-05-22 01:31:17,613 INFO [django.server] "GET /api/v1/account/usage/stats/ HTTP/1.1" 200 254
2026-05-22 01:31:17,614 INFO [django.server] "GET /api/v1/catalog/apis/?page_size=12&ordering=-rating HTTP/1.1" 200 2672
2026-05-22 01:31:52,555 INFO [django.server] "GET /api/v1/catalog/pricing-plans/?page_size=100 HTTP/1.1" 200 1494
2026-05-22 01:31:52,564 INFO [django.server] "GET /api/v1/catalog/apis/?page_size=100&ordering=name HTTP/1.1" 200 2672
2026-05-22 01:31:52,565 INFO [django.server] "GET /api/v1/catalog/subscription-plans/ HTTP/1.1" 200 1773
2026-05-22 01:32:12,872 INFO [django.server] "POST /api/v1/account/subscription/ HTTP/1.1" 201 909
2026-05-22 01:32:20,434 INFO [django.server] "POST /api/v1/account/subscription/checkout/1/confirm/ HTTP/1.1" 200 1763
2026-05-22 01:32:20,501 INFO [django.server] "GET /api/v1/auth/session/ HTTP/1.1" 200 831
2026-05-22 01:32:20,511 INFO [django.server] "GET /api/v1/account/profile/ HTTP/1.1" 200 619
2026-05-22 01:32:20,513 INFO [django.server] "GET /api/v1/account/access/ HTTP/1.1" 200 2966
2026-05-22 01:32:20,521 INFO [django.server] "GET /api/v1/account/usage/stats/ HTTP/1.1" 200 254
2026-05-22 01:32:20,522 INFO [django.server] "GET /api/v1/catalog/categories/?page_size=100 HTTP/1.1" 200 1107
2026-05-22 01:32:20,526 INFO [django.server] "GET /api/v1/catalog/apis/?page_size=6&featured=true&ordering=-rating HTTP/1.1" 200 1801
2026-05-22 01:32:20,529 INFO [django.server] "GET /api/v1/catalog/apis/?page_size=12&ordering=-rating HTTP/1.1" 200 2672
2026-05-22 01:32:29,147 INFO [django.server] "GET /api/v1/catalog/documentations/?page_size=100 HTTP/1.1" 200 1264
2026-05-22 01:33:05,964 INFO [django.server] "GET /api/v1/catalog/apis/?page_size=100&owned=true&search=&ordering=-updated_at HTTP/1.1" 200 2672
2026-05-22 11:50:56,313 INFO [django.server] "GET /api/v1/auth/session/ HTTP/1.1" 200 831
2026-05-22 11:50:57,480 INFO [django.server] "GET /api/v1/catalog/apis/?page_size=100&owned=true&search=&ordering=-updated_at HTTP/1.1" 200 2672
2026-05-24 21:57:00,141 INFO [django.utils.autoreload] C:\Users\Sadjad Rgz\Downloads\IranAPI-main\IranAPI-main\IranAPIBackend\settings.py changed, reloading.
2026-05-24 21:57:04,962 INFO [api] Sample QA data is ready for local validation.
2026-05-24 21:57:05,013 INFO [django.utils.autoreload] Watching for file changes with StatReloader
2026-05-26 18:16:18,297 WARNING [django.request] Not Found: /api/v1/health/
2026-05-26 18:16:18,308 WARNING [django.server] "GET /api/v1/health/ HTTP/1.1" 404 20759
2026-05-26 18:16:20,387 WARNING [django.request] Not Found: /api/v1/health/
2026-05-26 18:16:20,387 WARNING [django.server] "GET /api/v1/health/ HTTP/1.1" 404 20759
2026-05-26 18:16:22,433 WARNING [django.request] Not Found: /api/v1/health/
2026-05-26 18:16:22,434 WARNING [django.server] "GET /api/v1/health/ HTTP/1.1" 404 20759
2026-05-26 18:16:24,580 WARNING [django.request] Not Found: /api/v1/health/
2026-05-26 18:16:24,581 WARNING [django.server] "GET /api/v1/health/ HTTP/1.1" 404 20759
2026-05-26 18:16:26,614 WARNING [django.request] Not Found: /api/v1/health/
2026-05-26 18:16:26,615 WARNING [django.server] "GET /api/v1/health/ HTTP/1.1" 404 20759
2026-05-26 18:16:28,635 WARNING [django.request] Not Found: /api/v1/health/
2026-05-26 18:16:28,636 WARNING [django.server] "GET /api/v1/health/ HTTP/1.1" 404 20759
2026-05-26 18:16:30,721 WARNING [django.request] Not Found: /api/v1/health/
2026-05-26 18:16:30,727 WARNING [django.server] "GET /api/v1/health/ HTTP/1.1" 404 20759
2026-05-26 18:16:32,780 WARNING [django.request] Not Found: /api/v1/health/
2026-05-26 18:16:32,781 WARNING [django.server] "GET /api/v1/health/ HTTP/1.1" 404 20759
2026-05-26 18:16:34,808 WARNING [django.request] Not Found: /api/v1/health/
2026-05-26 18:16:34,809 WARNING [django.server] "GET /api/v1/health/ HTTP/1.1" 404 20759
2026-05-26 18:16:36,843 WARNING [django.request] Not Found: /api/v1/health/
2026-05-26 18:16:36,844 WARNING [django.server] "GET /api/v1/health/ HTTP/1.1" 404 20759
2026-05-26 18:16:38,862 WARNING [django.request] Not Found: /api/v1/health/
2026-05-26 18:16:38,863 WARNING [django.server] "GET /api/v1/health/ HTTP/1.1" 404 20759
2026-05-26 18:16:40,890 WARNING [django.request] Not Found: /api/v1/health/
2026-05-26 18:16:40,891 WARNING [django.server] "GET /api/v1/health/ HTTP/1.1" 404 20759
2026-05-26 18:16:42,916 WARNING [django.request] Not Found: /api/v1/health/
2026-05-26 18:16:42,916 WARNING [django.server] "GET /api/v1/health/ HTTP/1.1" 404 20759
2026-05-26 18:16:44,940 WARNING [django.request] Not Found: /api/v1/health/
2026-05-26 18:16:44,942 WARNING [django.server] "GET /api/v1/health/ HTTP/1.1" 404 20759
2026-05-26 18:16:46,961 WARNING [django.request] Not Found: /api/v1/health/
2026-05-26 18:16:46,962 WARNING [django.server] "GET /api/v1/health/ HTTP/1.1" 404 20759
2026-05-26 18:16:48,978 WARNING [django.request] Not Found: /api/v1/health/
2026-05-26 18:16:48,979 WARNING [django.server] "GET /api/v1/health/ HTTP/1.1" 404 20759
2026-05-26 18:16:51,022 WARNING [django.request] Not Found: /api/v1/health/
2026-05-26 18:16:51,024 WARNING [django.server] "GET /api/v1/health/ HTTP/1.1" 404 20759
2026-05-26 18:16:53,059 WARNING [django.request] Not Found: /api/v1/health/
2026-05-26 18:16:53,060 WARNING [django.server] "GET /api/v1/health/ HTTP/1.1" 404 20759
2026-05-26 18:16:55,082 WARNING [django.request] Not Found: /api/v1/health/
2026-05-26 18:16:55,083 WARNING [django.server] "GET /api/v1/health/ HTTP/1.1" 404 20759
2026-05-26 18:16:57,106 WARNING [django.request] Not Found: /api/v1/health/
2026-05-26 18:16:57,107 WARNING [django.server] "GET /api/v1/health/ HTTP/1.1" 404 20759
2026-05-26 18:16:59,125 WARNING [django.request] Not Found: /api/v1/health/
2026-05-26 18:16:59,126 WARNING [django.server] "GET /api/v1/health/ HTTP/1.1" 404 20759
2026-05-26 18:17:01,146 WARNING [django.request] Not Found: /api/v1/health/
2026-05-26 18:17:01,147 WARNING [django.server] "GET /api/v1/health/ HTTP/1.1" 404 20759
2026-05-26 18:17:03,176 WARNING [django.request] Not Found: /api/v1/health/
2026-05-26 18:17:03,177 WARNING [django.server] "GET /api/v1/health/ HTTP/1.1" 404 20759
2026-05-26 18:17:05,203 WARNING [django.request] Not Found: /api/v1/health/
2026-05-26 18:17:05,204 WARNING [django.server] "GET /api/v1/health/ HTTP/1.1" 404 20759
2026-05-26 18:17:07,226 WARNING [django.request] Not Found: /api/v1/health/
2026-05-26 18:17:07,227 WARNING [django.server] "GET /api/v1/health/ HTTP/1.1" 404 20759
2026-05-26 18:17:09,237 WARNING [django.request] Not Found: /api/v1/health/
2026-05-26 18:17:09,239 WARNING [django.server] "GET /api/v1/health/ HTTP/1.1" 404 20759
2026-05-26 18:17:11,283 WARNING [django.request] Not Found: /api/v1/health/
2026-05-26 18:17:11,285 WARNING [django.server] "GET /api/v1/health/ HTTP/1.1" 404 20759
2026-05-26 18:17:13,336 WARNING [django.request] Not Found: /api/v1/health/
2026-05-26 18:17:13,337 WARNING [django.server] "GET /api/v1/health/ HTTP/1.1" 404 20759
2026-05-26 18:17:15,360 WARNING [django.request] Not Found: /api/v1/health/
2026-05-26 18:17:15,362 WARNING [django.server] "GET /api/v1/health/ HTTP/1.1" 404 20759
2026-05-26 18:17:17,439 WARNING [django.request] Not Found: /api/v1/health/
2026-05-26 18:17:17,440 WARNING [django.server] "GET /api/v1/health/ HTTP/1.1" 404 20759
2026-05-26 18:17:19,466 WARNING [django.request] Not Found: /api/v1/health/
2026-05-26 18:17:19,468 WARNING [django.server] "GET /api/v1/health/ HTTP/1.1" 404 20759
2026-05-26 18:17:21,487 WARNING [django.request] Not Found: /api/v1/health/
2026-05-26 18:17:21,488 WARNING [django.server] "GET /api/v1/health/ HTTP/1.1" 404 20759
2026-05-26 18:17:23,511 WARNING [django.request] Not Found: /api/v1/health/
2026-05-26 18:17:23,512 WARNING [django.server] "GET /api/v1/health/ HTTP/1.1" 404 20759
2026-05-26 18:17:25,529 WARNING [django.request] Not Found: /api/v1/health/
2026-05-26 18:17:25,530 WARNING [django.server] "GET /api/v1/health/ HTTP/1.1" 404 20759
2026-05-26 18:17:27,569 WARNING [django.request] Not Found: /api/v1/health/
2026-05-26 18:17:27,570 WARNING [django.server] "GET /api/v1/health/ HTTP/1.1" 404 20759
2026-05-26 18:17:29,590 WARNING [django.request] Not Found: /api/v1/health/
2026-05-26 18:17:29,591 WARNING [django.server] "GET /api/v1/health/ HTTP/1.1" 404 20759
2026-05-26 18:17:31,652 WARNING [django.request] Not Found: /api/v1/health/
2026-05-26 18:17:31,653 WARNING [django.server] "GET /api/v1/health/ HTTP/1.1" 404 20759
2026-05-26 18:17:33,666 WARNING [django.request] Not Found: /api/v1/health/
2026-05-26 18:17:33,666 WARNING [django.server] "GET /api/v1/health/ HTTP/1.1" 404 20759
2026-05-26 18:17:35,684 WARNING [django.request] Not Found: /api/v1/health/
2026-05-26 18:17:35,687 WARNING [django.server] "GET /api/v1/health/ HTTP/1.1" 404 20759
2026-05-26 18:17:37,739 WARNING [django.request] Not Found: /api/v1/health/
2026-05-26 18:17:37,739 WARNING [django.server] "GET /api/v1/health/ HTTP/1.1" 404 20759
2026-05-26 18:17:39,764 WARNING [django.request] Not Found: /api/v1/health/
2026-05-26 18:17:39,765 WARNING [django.server] "GET /api/v1/health/ HTTP/1.1" 404 20759
2026-05-26 18:17:41,800 WARNING [django.request] Not Found: /api/v1/health/
2026-05-26 18:17:41,801 WARNING [django.server] "GET /api/v1/health/ HTTP/1.1" 404 20759
2026-05-26 18:17:43,812 WARNING [django.request] Not Found: /api/v1/health/
2026-05-26 18:17:43,813 WARNING [django.server] "GET /api/v1/health/ HTTP/1.1" 404 20759
2026-05-26 18:17:45,829 WARNING [django.request] Not Found: /api/v1/health/
2026-05-26 18:17:45,830 WARNING [django.server] "GET /api/v1/health/ HTTP/1.1" 404 20759
2026-05-26 18:17:47,871 WARNING [django.request] Not Found: /api/v1/health/
2026-05-26 18:17:47,873 WARNING [django.server] "GET /api/v1/health/ HTTP/1.1" 404 20759
2026-05-26 18:17:49,893 WARNING [django.request] Not Found: /api/v1/health/
2026-05-26 18:17:49,894 WARNING [django.server] "GET /api/v1/health/ HTTP/1.1" 404 20759
2026-05-26 18:17:51,940 WARNING [django.request] Not Found: /api/v1/health/
2026-05-26 18:17:51,941 WARNING [django.server] "GET /api/v1/health/ HTTP/1.1" 404 20759
2026-05-26 18:17:53,964 WARNING [django.request] Not Found: /api/v1/health/
2026-05-26 18:17:53,965 WARNING [django.server] "GET /api/v1/health/ HTTP/1.1" 404 20759
2026-05-26 18:17:55,981 WARNING [django.request] Not Found: /api/v1/health/
2026-05-26 18:17:55,984 WARNING [django.server] "GET /api/v1/health/ HTTP/1.1" 404 20759
2026-05-26 18:17:58,013 WARNING [django.request] Not Found: /api/v1/health/
2026-05-26 18:17:58,013 WARNING [django.server] "GET /api/v1/health/ HTTP/1.1" 404 20759
2026-05-26 18:18:00,022 WARNING [django.request] Not Found: /api/v1/health/
2026-05-26 18:18:00,022 WARNING [django.server] "GET /api/v1/health/ HTTP/1.1" 404 20759
2026-05-26 18:18:02,063 WARNING [django.request] Not Found: /api/v1/health/
2026-05-26 18:18:02,064 WARNING [django.server] "GET /api/v1/health/ HTTP/1.1" 404 20759
2026-05-26 18:18:04,084 WARNING [django.request] Not Found: /api/v1/health/
2026-05-26 18:18:04,085 WARNING [django.server] "GET /api/v1/health/ HTTP/1.1" 404 20759
2026-05-26 18:18:06,118 WARNING [django.request] Not Found: /api/v1/health/
2026-05-26 18:18:06,119 WARNING [django.server] "GET /api/v1/health/ HTTP/1.1" 404 20759
2026-05-26 18:18:08,132 WARNING [django.request] Not Found: /api/v1/health/
2026-05-26 18:18:08,133 WARNING [django.server] "GET /api/v1/health/ HTTP/1.1" 404 20759
2026-05-26 18:18:10,156 WARNING [django.request] Not Found: /api/v1/health/
2026-05-26 18:18:10,157 WARNING [django.server] "GET /api/v1/health/ HTTP/1.1" 404 20759
2026-05-26 18:18:12,208 WARNING [django.request] Not Found: /api/v1/health/
2026-05-26 18:18:12,209 WARNING [django.server] "GET /api/v1/health/ HTTP/1.1" 404 20759
2026-05-26 18:18:14,234 WARNING [django.request] Not Found: /api/v1/health/
2026-05-26 18:18:14,236 WARNING [django.server] "GET /api/v1/health/ HTTP/1.1" 404 20759
2026-05-26 18:18:16,260 WARNING [django.request] Not Found: /api/v1/health/
2026-05-26 18:18:16,261 WARNING [django.server] "GET /api/v1/health/ HTTP/1.1" 404 20759
2026-05-26 18:18:18,279 WARNING [django.request] Not Found: /api/v1/health/
2026-05-26 18:18:18,280 WARNING [django.server] "GET /api/v1/health/ HTTP/1.1" 404 20759
2026-05-26 18:18:20,687 INFO [django.server] - Broken pipe from ('127.0.0.1', 50351)
2026-05-26 18:20:08,223 WARNING [django.request] Not Found: /api/v1/health/
2026-05-26 18:20:08,224 WARNING [django.server] "GET /api/v1/health/ HTTP/1.1" 404 20759
2026-05-26 18:21:59,729 INFO [django.server] "GET /api/v1/system/health/ HTTP/1.1" 200 57
2026-05-26 18:21:59,887 INFO [django.server] - Broken pipe from ('127.0.0.1', 59911)
2026-05-26 18:22:53,993 INFO [django.server] "GET /api/v1/system/health/ HTTP/1.1" 200 57
2026-05-26 19:33:10,525 INFO [django.server] "GET /api/v1/system/health/ HTTP/1.1" 200 57
2026-05-26 19:33:25,783 INFO [django.server] - Broken pipe from ('127.0.0.1', 53151)
2026-05-26 19:34:14,061 INFO [django.server] "GET /api/v1/system/health/ HTTP/1.1" 200 57
2026-05-27 01:18:08,006 INFO [django.server] "GET /api/v1/system/health/ HTTP/1.1" 200 57
2026-05-27 01:18:17,162 INFO [django.server] - Broken pipe from ('127.0.0.1', 61360)
2026-05-27 01:18:41,905 INFO [django.server] "GET /api/v1/system/health/ HTTP/1.1" 200 57
2026-05-27 01:18:41,942 INFO [django.server] - Broken pipe from ('127.0.0.1', 49153)
2026-05-27 01:20:38,615 INFO [django.server] "GET /api/v1/system/health/ HTTP/1.1" 200 57
2026-05-27 01:20:45,864 INFO [django.server] - Broken pipe from ('127.0.0.1', 58251)
