[2m6:43:44 PM[22m [31m[1m[vite][22m[39m [31mhttp proxy error: /api/v1/catalog/apis/?page_size=12&ordering=-rating[39m
AggregateError [ECONNREFUSED]: 
    at internalConnectMultiple (node:net:1121:18)
    at afterConnectMultiple (node:net:1688:7)
[2m6:43:44 PM[22m [31m[1m[vite][22m[39m [31mhttp proxy error: /api/v1/auth/session/[39m
AggregateError [ECONNREFUSED]: 
    at internalConnectMultiple (node:net:1121:18)
    at afterConnectMultiple (node:net:1688:7)
[2m6:43:44 PM[22m [31m[1m[vite][22m[39m [31mhttp proxy error: /api/v1/catalog/apis/?page_size=12&featured=true&ordering=-rating[39m
AggregateError [ECONNREFUSED]: 
    at internalConnectMultiple (node:net:1121:18)
    at afterConnectMultiple (node:net:1688:7)
[2m6:43:44 PM[22m [31m[1m[vite][22m[39m [31mhttp proxy error: /api/v1/catalog/categories/?page_size=100[39m
AggregateError [ECONNREFUSED]: 
    at internalConnectMultiple (node:net:1121:18)
    at afterConnectMultiple (node:net:1688:7)
[2m6:43:45 PM[22m [31m[1m[vite][22m[39m [31mhttp proxy error: /api/v1/catalog/apis/?page_size=12&ordering=-rating[39m
AggregateError [ECONNREFUSED]: 
    at internalConnectMultiple (node:net:1121:18)
    at afterConnectMultiple (node:net:1688:7)
[2m6:43:45 PM[22m [31m[1m[vite][22m[39m [31mhttp proxy error: /api/v1/catalog/apis/?page_size=12&featured=true&ordering=-rating[39m
AggregateError [ECONNREFUSED]: 
    at internalConnectMultiple (node:net:1121:18)
    at afterConnectMultiple (node:net:1688:7)
[2m6:43:45 PM[22m [31m[1m[vite][22m[39m [31mhttp proxy error: /api/v1/catalog/categories/?page_size=100[39m
AggregateError [ECONNREFUSED]: 
    at internalConnectMultiple (node:net:1121:18)
    at afterConnectMultiple (node:net:1688:7)
[2m6:43:59 PM[22m [31m[1m[vite][22m[39m [31mhttp proxy error: /api/v1/auth/session/[39m
AggregateError [ECONNREFUSED]: 
    at internalConnectMultiple (node:net:1121:18)
    at afterConnectMultiple (node:net:1688:7)
[2m6:43:59 PM[22m [31m[1m[vite][22m[39m [31mhttp proxy error: /api/v1/catalog/categories/?page_size=100[39m
AggregateError [ECONNREFUSED]: 
    at internalConnectMultiple (node:net:1121:18)
    at afterConnectMultiple (node:net:1688:7)
[2m6:43:59 PM[22m [31m[1m[vite][22m[39m [31mhttp proxy error: /api/v1/catalog/apis/?page_size=12&featured=true&ordering=-rating[39m
AggregateError [ECONNREFUSED]: 
    at internalConnectMultiple (node:net:1121:18)
    at afterConnectMultiple (node:net:1688:7)
[2m6:43:59 PM[22m [31m[1m[vite][22m[39m [31mhttp proxy error: /api/v1/catalog/apis/?page_size=100&ordering=-rating&page=1[39m
AggregateError [ECONNREFUSED]: 
    at internalConnectMultiple (node:net:1121:18)
    at afterConnectMultiple (node:net:1688:7)
[2m6:44:00 PM[22m [31m[1m[vite][22m[39m [31mhttp proxy error: /api/v1/catalog/categories/?page_size=100[39m
AggregateError [ECONNREFUSED]: 
    at internalConnectMultiple (node:net:1121:18)
    at afterConnectMultiple (node:net:1688:7)
[2m6:44:00 PM[22m [31m[1m[vite][22m[39m [31mhttp proxy error: /api/v1/catalog/apis/?page_size=12&featured=true&ordering=-rating[39m
AggregateError [ECONNREFUSED]: 
    at internalConnectMultiple (node:net:1121:18)
    at afterConnectMultiple (node:net:1688:7)
[2m6:44:00 PM[22m [31m[1m[vite][22m[39m [31mhttp proxy error: /api/v1/catalog/apis/?page_size=100&ordering=-rating&page=1[39m
AggregateError [ECONNREFUSED]: 
    at internalConnectMultiple (node:net:1121:18)
    at afterConnectMultiple (node:net:1688:7)
[2m6:44:01 PM[22m [31m[1m[vite][22m[39m [31mhttp proxy error: /api/v1/auth/session/[39m
AggregateError [ECONNREFUSED]: 
    at internalConnectMultiple (node:net:1121:18)
    at afterConnectMultiple (node:net:1688:7)
[2m6:44:01 PM[22m [31m[1m[vite][22m[39m [31mhttp proxy error: /api/v1/catalog/pricing-plans/?page_size=100[39m
AggregateError [ECONNREFUSED]: 
    at internalConnectMultiple (node:net:1121:18)
    at afterConnectMultiple (node:net:1688:7)
[2m6:44:01 PM[22m [31m[1m[vite][22m[39m [31mhttp proxy error: /api/v1/catalog/subscription-plans/[39m
AggregateError [ECONNREFUSED]: 
    at internalConnectMultiple (node:net:1121:18)
    at afterConnectMultiple (node:net:1688:7)
[2m6:44:01 PM[22m [31m[1m[vite][22m[39m [31mhttp proxy error: /api/v1/catalog/apis/?page_size=100&ordering=name[39m
AggregateError [ECONNREFUSED]: 
    at internalConnectMultiple (node:net:1121:18)
    at afterConnectMultiple (node:net:1688:7)
[2m6:44:02 PM[22m [31m[1m[vite][22m[39m [31mhttp proxy error: /api/v1/catalog/pricing-plans/?page_size=100[39m
AggregateError [ECONNREFUSED]: 
    at internalConnectMultiple (node:net:1121:18)
    at afterConnectMultiple (node:net:1688:7)
[2m6:44:02 PM[22m [31m[1m[vite][22m[39m [31mhttp proxy error: /api/v1/catalog/subscription-plans/[39m
AggregateError [ECONNREFUSED]: 
    at internalConnectMultiple (node:net:1121:18)
    at afterConnectMultiple (node:net:1688:7)
[2m6:44:02 PM[22m [31m[1m[vite][22m[39m [31mhttp proxy error: /api/v1/catalog/apis/?page_size=100&ordering=name[39m
AggregateError [ECONNREFUSED]: 
    at internalConnectMultiple (node:net:1121:18)
    at afterConnectMultiple (node:net:1688:7)
[2m6:44:02 PM[22m [31m[1m[vite][22m[39m [31mhttp proxy error: /api/v1/auth/session/[39m
AggregateError [ECONNREFUSED]: 
    at internalConnectMultiple (node:net:1121:18)
    at afterConnectMultiple (node:net:1688:7)
[2m6:44:02 PM[22m [31m[1m[vite][22m[39m [31mhttp proxy error: /api/v1/catalog/apis/?page_size=100&ordering=name[39m
AggregateError [ECONNREFUSED]: 
    at internalConnectMultiple (node:net:1121:18)
    at afterConnectMultiple (node:net:1688:7)
[2m6:44:02 PM[22m [31m[1m[vite][22m[39m [31mhttp proxy error: /api/v1/catalog/documentations/?page_size=100[39m
AggregateError [ECONNREFUSED]: 
    at internalConnectMultiple (node:net:1121:18)
    at afterConnectMultiple (node:net:1688:7)
[2m6:44:03 PM[22m [31m[1m[vite][22m[39m [31mhttp proxy error: /api/v1/catalog/apis/?page_size=100&ordering=name[39m
AggregateError [ECONNREFUSED]: 
    at internalConnectMultiple (node:net:1121:18)
    at afterConnectMultiple (node:net:1688:7)
[2m6:44:03 PM[22m [31m[1m[vite][22m[39m [31mhttp proxy error: /api/v1/catalog/documentations/?page_size=100[39m
AggregateError [ECONNREFUSED]: 
    at internalConnectMultiple (node:net:1121:18)
    at afterConnectMultiple (node:net:1688:7)
[2m6:44:04 PM[22m [31m[1m[vite][22m[39m [31mhttp proxy error: /api/v1/auth/session/[39m
AggregateError [ECONNREFUSED]: 
    at internalConnectMultiple (node:net:1121:18)
    at afterConnectMultiple (node:net:1688:7)
[2m6:44:04 PM[22m [31m[1m[vite][22m[39m [31mhttp proxy error: /api/v1/auth/session/[39m
AggregateError [ECONNREFUSED]: 
    at internalConnectMultiple (node:net:1121:18)
    at afterConnectMultiple (node:net:1688:7)
[2m6:44:04 PM[22m [31m[1m[vite][22m[39m [31mhttp proxy error: /api/v1/auth/social/providers/[39m
AggregateError [ECONNREFUSED]: 
    at internalConnectMultiple (node:net:1121:18)
    at afterConnectMultiple (node:net:1688:7)
[2m6:44:05 PM[22m [31m[1m[vite][22m[39m [31mhttp proxy error: /api/v1/auth/social/providers/[39m
AggregateError [ECONNREFUSED]: 
    at internalConnectMultiple (node:net:1121:18)
    at afterConnectMultiple (node:net:1688:7)
