Browserslist: browsers data (caniuse-lite) is 11 months old. Please run:
  npx update-browserslist-db@latest
  Why you should do it regularly: https://github.com/browserslist/update-db#readme
[2m3:28:29 AM[22m [31m[1m[vite][22m[39m [31mInternal server error: [postcss] C:/Users/Sadjad Rgz/Downloads/IranAPI-main/IranAPI-main/api-hub-express/src/index.css:1031:5: The `bg-card/78` class does not exist. If `bg-card/78` is a custom class, make sure it is defined within a `@layer` directive.[39m
  Plugin: [35mvite:css[39m
  File: [36mC:/Users/Sadjad Rgz/Downloads/IranAPI-main/IranAPI-main/api-hub-express/src/index.css[39m:1031:4
[33m  1029|  
  1030|    .nav-console > .container > div {
  1031|      @apply rounded-2xl border-white/80 bg-card/78 shadow-[0_18px_60px_hsl(221_39%_11%/0.10)] backdrop-blur-2xl;
     |      ^
  1032|    }
  1033|  [39m
      at Input.error (C:\Users\Sadjad Rgz\Downloads\IranAPI-main\IranAPI-main\api-hub-express\node_modules\postcss\lib\input.js:135:16)
      at AtRule.error (C:\Users\Sadjad Rgz\Downloads\IranAPI-main\IranAPI-main\api-hub-express\node_modules\postcss\lib\node.js:146:32)
      at processApply (C:\Users\Sadjad Rgz\Downloads\IranAPI-main\IranAPI-main\api-hub-express\node_modules\tailwindcss\lib\lib\expandApplyAtRules.js:380:29)
      at C:\Users\Sadjad Rgz\Downloads\IranAPI-main\IranAPI-main\api-hub-express\node_modules\tailwindcss\lib\lib\expandApplyAtRules.js:551:9
      at C:\Users\Sadjad Rgz\Downloads\IranAPI-main\IranAPI-main\api-hub-express\node_modules\tailwindcss\lib\processTailwindFeatures.js:55:50
      at async plugins (C:\Users\Sadjad Rgz\Downloads\IranAPI-main\IranAPI-main\api-hub-express\node_modules\tailwindcss\lib\plugin.js:38:17)
      at async LazyResult.runAsync (C:\Users\Sadjad Rgz\Downloads\IranAPI-main\IranAPI-main\api-hub-express\node_modules\postcss\lib\lazy-result.js:293:11)
      at async compileCSS (file:///C:/Users/Sadjad%20Rgz/Downloads/IranAPI-main/IranAPI-main/api-hub-express/node_modules/vite/dist/node/chunks/dep-C6uTJdX2.js:36898:21)
      at async TransformPluginContext.transform (file:///C:/Users/Sadjad%20Rgz/Downloads/IranAPI-main/IranAPI-main/api-hub-express/node_modules/vite/dist/node/chunks/dep-C6uTJdX2.js:36171:11)
      at async PluginContainer.transform (file:///C:/Users/Sadjad%20Rgz/Downloads/IranAPI-main/IranAPI-main/api-hub-express/node_modules/vite/dist/node/chunks/dep-C6uTJdX2.js:49099:18)
[2m3:28:29 AM[22m [31m[1m[vite][22m[39m Pre-transform error: [postcss] C:/Users/Sadjad Rgz/Downloads/IranAPI-main/IranAPI-main/api-hub-express/src/index.css:1031:5: The `bg-card/78` class does not exist. If `bg-card/78` is a custom class, make sure it is defined within a `@layer` directive.
[2m3:28:30 AM[22m [31m[1m[vite][22m[39m [31mInternal server error: [postcss] C:/Users/Sadjad Rgz/Downloads/IranAPI-main/IranAPI-main/api-hub-express/src/index.css:1031:5: The `bg-card/78` class does not exist. If `bg-card/78` is a custom class, make sure it is defined within a `@layer` directive.[39m
  Plugin: [35mvite:css[39m
  File: [36mC:/Users/Sadjad Rgz/Downloads/IranAPI-main/IranAPI-main/api-hub-express/src/index.css[39m:1031:4
[33m  1029|  
  1030|    .nav-console > .container > div {
  1031|      @apply rounded-2xl border-white/80 bg-card/78 shadow-[0_18px_60px_hsl(221_39%_11%/0.10)] backdrop-blur-2xl;
     |      ^
  1032|    }
  1033|  [39m
      at Input.error (C:\Users\Sadjad Rgz\Downloads\IranAPI-main\IranAPI-main\api-hub-express\node_modules\postcss\lib\input.js:135:16)
      at AtRule.error (C:\Users\Sadjad Rgz\Downloads\IranAPI-main\IranAPI-main\api-hub-express\node_modules\postcss\lib\node.js:146:32)
      at processApply (C:\Users\Sadjad Rgz\Downloads\IranAPI-main\IranAPI-main\api-hub-express\node_modules\tailwindcss\lib\lib\expandApplyAtRules.js:380:29)
      at C:\Users\Sadjad Rgz\Downloads\IranAPI-main\IranAPI-main\api-hub-express\node_modules\tailwindcss\lib\lib\expandApplyAtRules.js:551:9
      at C:\Users\Sadjad Rgz\Downloads\IranAPI-main\IranAPI-main\api-hub-express\node_modules\tailwindcss\lib\processTailwindFeatures.js:55:50
      at async plugins (C:\Users\Sadjad Rgz\Downloads\IranAPI-main\IranAPI-main\api-hub-express\node_modules\tailwindcss\lib\plugin.js:38:17)
      at async LazyResult.runAsync (C:\Users\Sadjad Rgz\Downloads\IranAPI-main\IranAPI-main\api-hub-express\node_modules\postcss\lib\lazy-result.js:293:11)
      at async compileCSS (file:///C:/Users/Sadjad%20Rgz/Downloads/IranAPI-main/IranAPI-main/api-hub-express/node_modules/vite/dist/node/chunks/dep-C6uTJdX2.js:36898:21)
      at async TransformPluginContext.transform (file:///C:/Users/Sadjad%20Rgz/Downloads/IranAPI-main/IranAPI-main/api-hub-express/node_modules/vite/dist/node/chunks/dep-C6uTJdX2.js:36171:11)
      at async PluginContainer.transform (file:///C:/Users/Sadjad%20Rgz/Downloads/IranAPI-main/IranAPI-main/api-hub-express/node_modules/vite/dist/node/chunks/dep-C6uTJdX2.js:49099:18)
[2m3:31:21 AM[22m [31m[1m[vite][22m[39m [31mInternal server error: [postcss] C:/Users/Sadjad Rgz/Downloads/IranAPI-main/IranAPI-main/api-hub-express/src/index.css:1031:5: The `bg-card/78` class does not exist. If `bg-card/78` is a custom class, make sure it is defined within a `@layer` directive.[39m
  Plugin: [35mvite:css[39m
  File: [36mC:/Users/Sadjad Rgz/Downloads/IranAPI-main/IranAPI-main/api-hub-express/src/index.css[39m:1031:4
[33m  1029|  
  1030|    .nav-console > .container > div {
  1031|      @apply rounded-2xl border-white/80 bg-card/78 shadow-[0_18px_60px_hsl(221_39%_11%/0.10)] backdrop-blur-2xl;
     |      ^
  1032|    }
  1033|  [39m
      at Input.error (C:\Users\Sadjad Rgz\Downloads\IranAPI-main\IranAPI-main\api-hub-express\node_modules\postcss\lib\input.js:135:16)
      at AtRule.error (C:\Users\Sadjad Rgz\Downloads\IranAPI-main\IranAPI-main\api-hub-express\node_modules\postcss\lib\node.js:146:32)
      at processApply (C:\Users\Sadjad Rgz\Downloads\IranAPI-main\IranAPI-main\api-hub-express\node_modules\tailwindcss\lib\lib\expandApplyAtRules.js:380:29)
      at C:\Users\Sadjad Rgz\Downloads\IranAPI-main\IranAPI-main\api-hub-express\node_modules\tailwindcss\lib\lib\expandApplyAtRules.js:551:9
      at C:\Users\Sadjad Rgz\Downloads\IranAPI-main\IranAPI-main\api-hub-express\node_modules\tailwindcss\lib\processTailwindFeatures.js:55:50
      at async plugins (C:\Users\Sadjad Rgz\Downloads\IranAPI-main\IranAPI-main\api-hub-express\node_modules\tailwindcss\lib\plugin.js:38:17)
      at async LazyResult.runAsync (C:\Users\Sadjad Rgz\Downloads\IranAPI-main\IranAPI-main\api-hub-express\node_modules\postcss\lib\lazy-result.js:293:11)
      at async compileCSS (file:///C:/Users/Sadjad%20Rgz/Downloads/IranAPI-main/IranAPI-main/api-hub-express/node_modules/vite/dist/node/chunks/dep-C6uTJdX2.js:36898:21)
      at async TransformPluginContext.transform (file:///C:/Users/Sadjad%20Rgz/Downloads/IranAPI-main/IranAPI-main/api-hub-express/node_modules/vite/dist/node/chunks/dep-C6uTJdX2.js:36171:11)
      at async PluginContainer.transform (file:///C:/Users/Sadjad%20Rgz/Downloads/IranAPI-main/IranAPI-main/api-hub-express/node_modules/vite/dist/node/chunks/dep-C6uTJdX2.js:49099:18)
